
--- Evaluando PRECIOS para barra: ATACAMA ---
METRICAS: TRANSFORMER ENTRENADO CON PRECIOS
ATACAMA    | MAE: 9.4318 | RMSE: 14.0882 |  MSE: 198.4781 | sMAPE: 14.01%
--- Evaluando RESIDUOS para barra: ATACAMA ---
METRICAS: TRANSFORMER ENTRENADO CON RESIDUOS
ATACAMA    | MAE: 9.6830 | RMSE: 14.1863 |  MSE: 201.2501 | sMAPE: 80.22%

--- Evaluando PRECIOS para barra: CARDONES ---
METRICAS: TRANSFORMER ENTRENADO CON PRECIOS
CARDONES   | MAE: 9.9152 | RMSE: 15.0359 |  MSE: 226.0779 | sMAPE: 15.12%
--- Evaluando RESIDUOS para barra: CARDONES ---
METRICAS: TRANSFORMER ENTRENADO CON RESIDUOS
CARDONES   | MAE: 9.8878 | RMSE: 14.8183 |  MSE: 219.5823 | sMAPE: 79.17%

--- Evaluando PRECIOS para barra: CHARRUA ---
METRICAS: TRANSFORMER ENTRENADO CON PRECIOS
CHARRUA    | MAE: 10.7859 | RMSE: 15.7450 |  MSE: 247.9056 | sMAPE: 16.01%
--- Evaluando RESIDUOS para barra: CHARRUA ---
METRICAS: TRANSFORMER ENTRENADO CON RESIDUOS
CHARRUA    | MAE: 11.2154 | RMSE: 16.3956 |  MSE: 268.8167 | sMAPE: 76.95%

--- Evaluando PRECIOS para barra: CRUCERO ---
METRICAS: TRANSFORMER ENTRENADO CON PRECIOS
CRUCERO    | MAE: 10.3680 | RMSE: 15.3903 |  MSE: 236.8612 | sMAPE: 16.09%
--- Evaluando RESIDUOS para barra: CRUCERO ---
METRICAS: TRANSFORMER ENTRENADO CON RESIDUOS
CRUCERO    | MAE: 10.0497 | RMSE: 14.9183 |  MSE: 222.5551 | sMAPE: 79.89%

--- Evaluando PRECIOS para barra: P.AZUCAR ---
METRICAS: TRANSFORMER ENTRENADO CON PRECIOS
P.AZUCAR   | MAE: 9.4554 | RMSE: 14.2300 |  MSE: 202.4930 | sMAPE: 14.60%
--- Evaluando RESIDUOS para barra: P.AZUCAR ---
METRICAS: TRANSFORMER ENTRENADO CON RESIDUOS
P.AZUCAR   | MAE: 9.6664 | RMSE: 15.2529 |  MSE: 232.6512 | sMAPE: 77.26%

--- Evaluando PRECIOS para barra: P.MONTT ---
METRICAS: TRANSFORMER ENTRENADO CON PRECIOS
P.MONTT    | MAE: 19.0399 | RMSE: 28.5194 |  MSE: 813.3574 | sMAPE: 28.02%
--- Evaluando RESIDUOS para barra: P.MONTT ---
METRICAS: TRANSFORMER ENTRENADO CON RESIDUOS
P.MONTT    | MAE: 16.8103 | RMSE: 25.6068 |  MSE: 655.7059 | sMAPE: 63.79%

--- Evaluando PRECIOS para barra: QUILLOTA ---
METRICAS: TRANSFORMER ENTRENADO CON PRECIOS
QUILLOTA   | MAE: 9.8630 | RMSE: 14.3261 |  MSE: 205.2370 | sMAPE: 14.70%
--- Evaluando RESIDUOS para barra: QUILLOTA ---
METRICAS: TRANSFORMER ENTRENADO CON RESIDUOS
QUILLOTA   | MAE: 10.0088 | RMSE: 15.0675 |  MSE: 227.0296 | sMAPE: 74.08%

--- Evaluando PRECIOS para barra: TARAPACA ---
METRICAS: TRANSFORMER ENTRENADO CON PRECIOS
TARAPACA   | MAE: 9.8763 | RMSE: 14.9548 |  MSE: 223.6459 | sMAPE: 14.00%
--- Evaluando RESIDUOS para barra: TARAPACA ---
METRICAS: TRANSFORMER ENTRENADO CON RESIDUOS
TARAPACA   | MAE: 9.9727 | RMSE: 15.7159 |  MSE: 246.9902 | sMAPE: 76.90%
