\BOOKMARK [0][-]{chapter.1}{\376\377\000I\000n\000t\000r\000o\000d\000u\000c\000c\000i\000\363\000n}{}% 1
\BOOKMARK [1][-]{section.1.1}{\376\377\000M\000e\000r\000c\000a\000d\000o\000\040\000e\000l\000\351\000c\000t\000r\000i\000c\000o}{chapter.1}% 2
\BOOKMARK [1][-]{section.1.2}{\376\377\000M\000o\000d\000e\000l\000o\000s\000\040\000a\000c\000t\000u\000a\000l\000e\000s}{chapter.1}% 3
\BOOKMARK [1][-]{section.1.3}{\376\377\000P\000r\000o\000p\000u\000e\000s\000t\000a}{chapter.1}% 4
\BOOKMARK [1][-]{section.1.4}{\376\377\000O\000b\000j\000e\000t\000i\000v\000o\000s}{chapter.1}% 5
\BOOKMARK [2][-]{subsection.1.4.1}{\376\377\000O\000b\000j\000e\000t\000i\000v\000o\000\040\000G\000e\000n\000e\000r\000a\000l}{section.1.4}% 6
\BOOKMARK [2][-]{subsection.1.4.2}{\376\377\000O\000b\000j\000e\000t\000i\000v\000o\000s\000\040\000E\000s\000p\000e\000c\000\355\000f\000i\000c\000o\000s}{section.1.4}% 7
\BOOKMARK [1][-]{section.1.5}{\376\377\000O\000r\000g\000a\000n\000i\000z\000a\000c\000i\000\363\000n\000\040\000d\000e\000l\000\040\000d\000o\000c\000u\000m\000e\000n\000t\000o}{chapter.1}% 8
\BOOKMARK [0][-]{chapter.2}{\376\377\000M\000a\000r\000c\000o\000\040\000T\000e\000\363\000r\000i\000c\000o}{}% 9
\BOOKMARK [1][-]{section.2.1}{\376\377\000S\000e\000r\000i\000e\000s\000\040\000T\000e\000m\000p\000o\000r\000a\000l\000e\000s}{chapter.2}% 10
\BOOKMARK [2][-]{subsection.2.1.1}{\376\377\000E\000s\000t\000a\000c\000i\000o\000n\000a\000r\000i\000e\000d\000a\000d}{section.2.1}% 11
\BOOKMARK [2][-]{subsection.2.1.2}{\376\377\000E\000s\000t\000a\000c\000i\000o\000n\000a\000l\000i\000d\000a\000d\000\040\000m\000\372\000l\000t\000i\000p\000l\000e}{section.2.1}% 12
\BOOKMARK [2][-]{subsection.2.1.3}{\376\377\000P\000r\000o\000c\000e\000s\000o\000s\000\040\000n\000o\000\040\000e\000s\000t\000a\000c\000i\000o\000n\000a\000r\000i\000o\000s\000\040\000y\000\040\000t\000r\000a\000n\000s\000f\000o\000r\000m\000a\000c\000i\000o\000n\000e\000s}{section.2.1}% 13
\BOOKMARK [2][-]{subsection.2.1.4}{\376\377\000H\000o\000r\000i\000z\000o\000n\000t\000e\000\040\000d\000e\000\040\000p\000r\000e\000d\000i\000c\000c\000i\000\363\000n\000\040\000y\000\040\000e\000s\000t\000r\000a\000t\000e\000g\000i\000a\000\040\000d\000e\000\040\000f\000o\000r\000e\000c\000a\000s\000t\000i\000n\000g\000\040\000m\000u\000l\000t\000i\000h\000o\000r\000i\000z\000o\000n\000t\000e}{section.2.1}% 14
\BOOKMARK [2][-]{subsection.2.1.5}{\376\377\000F\000o\000r\000e\000c\000a\000s\000t\000i\000n\000g\000\040\000m\000u\000l\000t\000i\000v\000a\000r\000i\000a\000d\000o\000\040\000y\000\040\000e\000s\000t\000r\000u\000c\000t\000u\000r\000a\000\040\000d\000e\000\040\000b\000a\000r\000r\000a\000s}{section.2.1}% 15
\BOOKMARK [1][-]{section.2.2}{\376\377\000P\000r\000o\000p\000h\000e\000t}{chapter.2}% 16
\BOOKMARK [2][-]{subsection.2.2.1}{\376\377\000C\000o\000m\000p\000o\000n\000e\000n\000t\000e\000\040\000d\000e\000\040\000t\000e\000n\000d\000e\000n\000c\000i\000a}{section.2.2}% 17
\BOOKMARK [2][-]{subsection.2.2.2}{\376\377\000C\000o\000m\000p\000o\000n\000e\000n\000t\000e\000\040\000d\000e\000\040\000e\000s\000t\000a\000c\000i\000o\000n\000a\000l\000i\000d\000a\000d}{section.2.2}% 18
\BOOKMARK [2][-]{subsection.2.2.3}{\376\377\000C\000o\000m\000p\000o\000n\000e\000n\000t\000e\000\040\000d\000e\000\040\000f\000e\000s\000t\000i\000v\000i\000d\000a\000d\000e\000s\000\040\000y\000\040\000e\000v\000e\000n\000t\000o\000s\000\040\000e\000s\000p\000e\000c\000i\000a\000l\000e\000s}{section.2.2}% 19
\BOOKMARK [2][-]{subsection.2.2.4}{\376\377\000E\000s\000t\000i\000m\000a\000c\000i\000\363\000n\000\040\000e\000\040\000i\000n\000f\000e\000r\000e\000n\000c\000i\000a}{section.2.2}% 20
\BOOKMARK [2][-]{subsection.2.2.5}{\376\377\000R\000o\000l\000\040\000d\000e\000\040\000P\000r\000o\000p\000h\000e\000t\000\040\000e\000n\000\040\000l\000a\000\040\000a\000r\000q\000u\000i\000t\000e\000c\000t\000u\000r\000a\000\040\000h\000\355\000b\000r\000i\000d\000a}{section.2.2}% 21
\BOOKMARK [1][-]{section.2.3}{\376\377\000T\000r\000a\000n\000s\000f\000o\000r\000m\000e\000r\000\040\000y\000\040\000T\000e\000m\000p\000o\000r\000a\000l\000\040\000F\000u\000s\000i\000o\000n\000\040\000T\000r\000a\000n\000s\000f\000o\000r\000m\000e\000r}{chapter.2}% 22
\BOOKMARK [2][-]{subsection.2.3.1}{\376\377\000M\000e\000c\000a\000n\000i\000s\000m\000o\000\040\000d\000e\000\040\000a\000t\000e\000n\000c\000i\000\363\000n}{section.2.3}% 23
\BOOKMARK [2][-]{subsection.2.3.2}{\376\377\000A\000t\000e\000n\000c\000i\000\363\000n\000\040\000m\000u\000l\000t\000i\000-\000c\000a\000b\000e\000z\000a}{section.2.3}% 24
\BOOKMARK [2][-]{subsection.2.3.3}{\376\377\000A\000r\000q\000u\000i\000t\000e\000c\000t\000u\000r\000a\000\040\000T\000r\000a\000n\000s\000f\000o\000r\000m\000e\000r}{section.2.3}% 25
\BOOKMARK [2][-]{subsection.2.3.4}{\376\377\000T\000e\000m\000p\000o\000r\000a\000l\000\040\000F\000u\000s\000i\000o\000n\000\040\000T\000r\000a\000n\000s\000f\000o\000r\000m\000e\000r}{section.2.3}% 26
\BOOKMARK [2][-]{subsection.2.3.5}{\376\377\000R\000o\000l\000\040\000d\000e\000l\000\040\000T\000F\000T\000\040\000e\000n\000\040\000l\000a\000\040\000a\000r\000q\000u\000i\000t\000e\000c\000t\000u\000r\000a\000\040\000h\000\355\000b\000r\000i\000d\000a}{section.2.3}% 27
\BOOKMARK [1][-]{section.2.4}{\376\377\000L\000a\000y\000e\000r\000\040\000N\000o\000r\000m\000a\000l\000i\000z\000a\000t\000i\000o\000n\000\040\000y\000\040\000D\000y\000n\000a\000m\000i\000c\000\040\000T\000a\000n\000h}{chapter.2}% 28
\BOOKMARK [2][-]{subsection.2.4.1}{\376\377\000L\000a\000y\000e\000r\000\040\000N\000o\000r\000m\000a\000l\000i\000z\000a\000t\000i\000o\000n}{section.2.4}% 29
\BOOKMARK [2][-]{subsection.2.4.2}{\376\377\000C\000o\000m\000p\000o\000r\000t\000a\000m\000i\000e\000n\000t\000o\000\040\000e\000m\000p\000\355\000r\000i\000c\000o\000\040\000d\000e\000\040\000L\000a\000y\000e\000r\000N\000o\000r\000m\000:\000\040\000c\000u\000r\000v\000a\000s\000\040\000t\000i\000p\000o\000\040\000t\000a\000n\000h}{section.2.4}% 30
\BOOKMARK [2][-]{subsection.2.4.3}{\376\377\000D\000y\000n\000a\000m\000i\000c\000\040\000T\000a\000n\000h\000\040\000\050\000D\000y\000T\000\051}{section.2.4}% 31
\BOOKMARK [2][-]{subsection.2.4.4}{\376\377\000L\000a\000y\000e\000r\000N\000o\000r\000m\000\040\000v\000s\000\040\000D\000y\000T}{section.2.4}% 32
\BOOKMARK [2][-]{subsection.2.4.5}{\376\377\000U\000s\000o\000\040\000d\000e\000\040\000D\000y\000T\000\040\000e\000n\000\040\000e\000l\000\040\000T\000F\000T\000\040\000p\000a\000r\000a\000\040\000p\000r\000e\000d\000i\000c\000c\000i\000\363\000n\000\040\000d\000e\000\040\000c\000o\000s\000t\000o\000s\000\040\000m\000a\000r\000g\000i\000n\000a\000l\000e\000s}{section.2.4}% 33
\BOOKMARK [1][-]{section.2.5}{\376\377\000S\000t\000a\000c\000k\000i\000n\000g\000\040\000O\000p\000t\000i\000m\000i\000z\000a\000t\000i\000o\000n}{chapter.2}% 34
\BOOKMARK [2][-]{subsection.2.5.1}{\376\377\000F\000o\000r\000m\000u\000l\000a\000c\000i\000\363\000n\000\040\000g\000e\000n\000e\000r\000a\000l\000\040\000y\000\040\000d\000i\000v\000e\000r\000s\000i\000d\000a\000d\000\040\000d\000e\000l\000\040\000e\000n\000s\000a\000m\000b\000l\000e}{section.2.5}% 35
\BOOKMARK [2][-]{subsection.2.5.2}{\376\377\000P\000r\000o\000t\000o\000c\000o\000l\000o\000\040\000d\000e\000\040\000e\000n\000t\000r\000e\000n\000a\000m\000i\000e\000n\000t\000o\000\040\000y\000\040\000p\000r\000e\000v\000e\000n\000c\000i\000\363\000n\000\040\000d\000e\000\040\000d\000a\000t\000a\000\040\000l\000e\000a\000k\000a\000g\000e}{section.2.5}% 36
\BOOKMARK [2][-]{subsection.2.5.3}{\376\377\000S\000t\000a\000c\000k\000i\000n\000g\000\040\000O\000p\000t\000i\000m\000i\000z\000a\000t\000i\000o\000n\000\040\000e\000n\000\040\000e\000l\000\040\000m\000o\000d\000e\000l\000o\000\040\000h\000\355\000b\000r\000i\000d\000o\000\040\000p\000r\000o\000p\000u\000e\000s\000t\000o}{section.2.5}% 37
\BOOKMARK [1][-]{section.2.6}{\376\377\000C\000o\000n\000f\000o\000r\000m\000a\000l\000\040\000P\000r\000e\000d\000i\000c\000t\000i\000o\000n}{chapter.2}% 38
\BOOKMARK [2][-]{subsection.2.6.1}{\376\377\000S\000p\000l\000i\000t\000\040\000C\000o\000n\000f\000o\000r\000m\000a\000l\000\040\000P\000r\000e\000d\000i\000c\000t\000i\000o\000n\000\040\000\050\000S\000C\000P\000\051}{section.2.6}% 39
\BOOKMARK [2][-]{subsection.2.6.2}{\376\377\000R\000e\000g\000r\000e\000s\000i\000\363\000n\000\040\000C\000u\000a\000n\000t\000\355\000l\000i\000c\000a\000\040\000C\000o\000n\000f\000o\000r\000m\000a\000d\000a\000\040\000\050\000C\000Q\000R\000\051}{section.2.6}% 40
\BOOKMARK [2][-]{subsection.2.6.3}{\376\377\000C\000o\000n\000f\000o\000r\000m\000a\000l\000\040\000P\000r\000e\000d\000i\000c\000t\000i\000o\000n\000\040\000c\000o\000n\000\040\000E\000n\000s\000e\000m\000b\000l\000e\000\040\000\050\000E\000n\000b\000P\000I\000\051}{section.2.6}% 41
\BOOKMARK [2][-]{subsection.2.6.4}{\376\377\000A\000d\000a\000p\000t\000i\000v\000e\000\040\000C\000o\000n\000f\000o\000r\000m\000a\000l\000\040\000I\000n\000f\000e\000r\000e\000n\000c\000e\000\040\000\050\000A\000C\000I\000\051}{section.2.6}% 42
\BOOKMARK [2][-]{subsection.2.6.5}{\376\377\000C\000P\000\040\000p\000o\000n\000d\000e\000r\000a\000d\000o\000\040\000l\000o\000c\000a\000l\000m\000e\000n\000t\000e\000:\000\040\000L\000W\000\040\000S\000p\000l\000i\000t\000\040\000C\000P\000\040\000y\000\040\000L\000W\000-\000A\000C\000P}{section.2.6}% 43
\BOOKMARK [2][-]{subsection.2.6.6}{\376\377\000M\000\351\000t\000r\000i\000c\000a\000s\000\040\000d\000e\000\040\000e\000v\000a\000l\000u\000a\000c\000i\000\363\000n\000\040\000d\000e\000\040\000l\000o\000s\000\040\000i\000n\000t\000e\000r\000v\000a\000l\000o\000s\000\040\000d\000e\000\040\000p\000r\000e\000d\000i\000c\000c\000i\000\363\000n}{section.2.6}% 44
\BOOKMARK [0][-]{chapter.3}{\376\377\000M\000e\000t\000o\000d\000o\000l\000o\000g\000\355\000a}{}% 45
\BOOKMARK [1][-]{section.3.1}{\376\377\000D\000a\000t\000o\000s}{chapter.3}% 46
\BOOKMARK [2][-]{subsection.3.1.1}{\376\377\000F\000u\000e\000n\000t\000e\000\040\000y\000\040\000d\000e\000s\000c\000r\000i\000p\000c\000i\000\363\000n}{section.3.1}% 47
\BOOKMARK [2][-]{subsection.3.1.2}{\376\377\000E\000s\000t\000a\000d\000\355\000s\000t\000i\000c\000a\000s\000\040\000d\000e\000s\000c\000r\000i\000p\000t\000i\000v\000a\000s\000\040\000y\000\040\000a\000n\000\341\000l\000i\000s\000i\000s\000\040\000e\000x\000p\000l\000o\000r\000a\000t\000o\000r\000i\000o}{section.3.1}% 48
\BOOKMARK [2][-]{subsection.3.1.3}{\376\377\000A\000n\000\341\000l\000i\000s\000i\000s\000\040\000d\000e\000\040\000e\000s\000t\000a\000c\000i\000o\000n\000a\000r\000i\000e\000d\000a\000d}{section.3.1}% 49
\BOOKMARK [1][-]{section.3.2}{\376\377\000P\000r\000e\000p\000r\000o\000c\000e\000s\000a\000m\000i\000e\000n\000t\000o}{chapter.3}% 50
\BOOKMARK [2][-]{subsection.3.2.1}{\376\377\000L\000i\000m\000p\000i\000e\000z\000a\000\040\000y\000\040\000t\000r\000a\000t\000a\000m\000i\000e\000n\000t\000o\000\040\000d\000e\000\040\000v\000a\000l\000o\000r\000e\000s\000\040\000a\000t\000\355\000p\000i\000c\000o\000s}{section.3.2}% 51
\BOOKMARK [2][-]{subsection.3.2.2}{\376\377\000D\000i\000v\000i\000s\000i\000\363\000n\000\040\000t\000e\000m\000p\000o\000r\000a\000l\000\040\000d\000e\000\040\000l\000o\000s\000\040\000d\000a\000t\000o\000s}{section.3.2}% 52
\BOOKMARK [2][-]{subsection.3.2.3}{\376\377\000N\000o\000r\000m\000a\000l\000i\000z\000a\000c\000i\000\363\000n}{section.3.2}% 53
\BOOKMARK [1][-]{section.3.3}{\376\377\000M\000o\000d\000e\000l\000o\000\040\000P\000r\000o\000p\000h\000e\000t}{chapter.3}% 54
\BOOKMARK [2][-]{subsection.3.3.1}{\376\377\000C\000o\000n\000f\000i\000g\000u\000r\000a\000c\000i\000\363\000n\000\040\000y\000\040\000o\000p\000t\000i\000m\000i\000z\000a\000c\000i\000\363\000n\000\040\000d\000e\000\040\000h\000i\000p\000e\000r\000p\000a\000r\000\341\000m\000e\000t\000r\000o\000s}{section.3.3}% 55
\BOOKMARK [2][-]{subsection.3.3.2}{\376\377\000C\000o\000m\000p\000o\000n\000e\000n\000t\000e\000s\000\040\000d\000e\000\040\000t\000e\000n\000d\000e\000n\000c\000i\000a\000\040\000y\000\040\000e\000s\000t\000a\000c\000i\000o\000n\000a\000l\000i\000d\000a\000d\000\040\000a\000n\000u\000a\000l}{section.3.3}% 56
\BOOKMARK [2][-]{subsection.3.3.3}{\376\377\000P\000r\000e\000d\000i\000c\000c\000i\000o\000n\000e\000s\000\040\000a\000\040\0004\0008\000\040\000h\000o\000r\000a\000s}{section.3.3}% 57
\BOOKMARK [1][-]{section.3.4}{\376\377\000T\000e\000m\000p\000o\000r\000a\000l\000\040\000F\000u\000s\000i\000o\000n\000\040\000T\000r\000a\000n\000s\000f\000o\000r\000m\000e\000r}{chapter.3}% 58
\BOOKMARK [2][-]{subsection.3.4.1}{\376\377\000C\000o\000n\000s\000t\000r\000u\000c\000c\000i\000\363\000n\000\040\000d\000e\000\040\000f\000e\000a\000t\000u\000r\000e\000s\000\040\000y\000\040\000d\000a\000t\000a\000l\000o\000a\000d\000e\000r\000s}{section.3.4}% 59
\BOOKMARK [2][-]{subsection.3.4.2}{\376\377\000A\000r\000q\000u\000i\000t\000e\000c\000t\000u\000r\000a\000\040\000y\000\040\000e\000n\000t\000r\000e\000n\000a\000m\000i\000e\000n\000t\000o}{section.3.4}% 60
\BOOKMARK [2][-]{subsection.3.4.3}{\376\377\000C\000u\000r\000v\000a\000s\000\040\000d\000e\000\040\000a\000p\000r\000e\000n\000d\000i\000z\000a\000j\000e}{section.3.4}% 61
\BOOKMARK [1][-]{section.3.5}{\376\377\000S\000t\000a\000c\000k\000i\000n\000g\000\040\000O\000p\000t\000i\000m\000i\000z\000a\000t\000i\000o\000n}{chapter.3}% 62
\BOOKMARK [2][-]{subsection.3.5.1}{\376\377\000E\000s\000t\000r\000a\000t\000e\000g\000i\000a\000s\000\040\000d\000e\000\040\000e\000n\000s\000a\000m\000b\000l\000a\000j\000e}{section.3.5}% 63
\BOOKMARK [2][-]{subsection.3.5.2}{\376\377\000M\000\351\000t\000o\000d\000o\000s\000\040\000d\000e\000\040\000o\000p\000t\000i\000m\000i\000z\000a\000c\000i\000\363\000n\000\040\000d\000e\000\040\000p\000e\000s\000o\000s}{section.3.5}% 64
\BOOKMARK [1][-]{section.3.6}{\376\377\000T\000F\000T\000\040\000c\000o\000n\000\040\000D\000y\000n\000a\000m\000i\000c\000\040\000T\000a\000n\000h}{chapter.3}% 65
\BOOKMARK [2][-]{subsection.3.6.1}{\376\377\000C\000u\000r\000v\000a\000s\000\040\000d\000e\000\040\000a\000p\000r\000e\000n\000d\000i\000z\000a\000j\000e}{section.3.6}% 66
\BOOKMARK [2][-]{subsection.3.6.2}{\376\377\000A\000n\000\341\000l\000i\000s\000i\000s\000\040\000d\000e\000l\000\040\000p\000a\000r\000\341\000m\000e\000t\000r\000o\000\040\000a\000l\000f\000a\000\040\000a\000p\000r\000e\000n\000d\000i\000d\000o}{section.3.6}% 67
\BOOKMARK [2][-]{subsection.3.6.3}{\376\377\000C\000u\000r\000v\000a\000s\000\040\000d\000e\000\040\000a\000p\000r\000e\000n\000d\000i\000z\000a\000j\000e\000\040\000d\000e\000\040\000S\000+\000C}{section.3.6}% 68
\BOOKMARK [1][-]{section.3.7}{\376\377\000C\000o\000n\000f\000o\000r\000m\000a\000l\000\040\000P\000r\000e\000d\000i\000c\000t\000i\000o\000n}{chapter.3}% 69
\BOOKMARK [2][-]{subsection.3.7.1}{\376\377\000C\000o\000n\000f\000i\000g\000u\000r\000a\000c\000i\000\363\000n\000\040\000g\000e\000n\000e\000r\000a\000l}{section.3.7}% 70
\BOOKMARK [2][-]{subsection.3.7.2}{\376\377\000S\000p\000l\000i\000t\000\040\000C\000P\000\040\000c\000l\000\341\000s\000i\000c\000o}{section.3.7}% 71
\BOOKMARK [2][-]{subsection.3.7.3}{\376\377\000A\000C\000I}{section.3.7}% 72
\BOOKMARK [2][-]{subsection.3.7.4}{\376\377\000L\000W\000\040\000S\000p\000l\000i\000t\000\040\000C\000P}{section.3.7}% 73
\BOOKMARK [2][-]{subsection.3.7.5}{\376\377\000L\000W\000-\000A\000C\000P\000\040\000O\000n\000l\000i\000n\000e}{section.3.7}% 74
\BOOKMARK [2][-]{subsection.3.7.6}{\376\377\000C\000Q\000R\000\040\000\050\000R\000e\000g\000r\000e\000s\000i\000\363\000n\000\040\000C\000u\000a\000n\000t\000\355\000l\000i\000c\000a\000\040\000C\000o\000n\000f\000o\000r\000m\000a\000d\000a\000\051}{section.3.7}% 75
\BOOKMARK [1][-]{section.3.8}{\376\377\000E\000x\000t\000e\000n\000s\000i\000o\000n\000e\000s\000\040\000y\000\040\000a\000n\000\341\000l\000i\000s\000i\000s\000\040\000c\000o\000m\000p\000l\000e\000m\000e\000n\000t\000a\000r\000i\000o\000s}{chapter.3}% 76
\BOOKMARK [2][-]{subsection.3.8.1}{\376\377\000P\000u\000e\000r\000t\000o\000\040\000M\000o\000n\000t\000t\000:\000\040\000f\000e\000a\000t\000u\000r\000e\000s\000\040\000h\000\355\000d\000r\000i\000c\000a\000s\000\040\000\050\000H\000+\000C\000\040\000y\000\040\000S\000+\000H\000+\000C\000\051}{section.3.8}% 77
\BOOKMARK [2][-]{subsection.3.8.2}{\376\377\000C\000o\000m\000p\000a\000r\000a\000c\000i\000\363\000n\000\040\000c\000o\000n\000t\000r\000a\000\040\000e\000l\000\040\000c\000o\000s\000t\000o\000\040\000m\000a\000r\000g\000i\000n\000a\000l\000\040\000p\000r\000o\000g\000r\000a\000m\000a\000d\000o\000\040\000d\000e\000l\000\040\000C\000E\000N}{section.3.8}% 78
\BOOKMARK [2][-]{subsection.3.8.3}{\376\377\000S\000e\000n\000s\000i\000b\000i\000l\000i\000d\000a\000d\000\040\000a\000\040\000u\000n\000a\000\040\000f\000u\000n\000c\000i\000\363\000n\000\040\000d\000e\000\040\000p\000\351\000r\000d\000i\000d\000a\000\040\000a\000s\000i\000m\000\351\000t\000r\000i\000c\000a}{section.3.8}% 79
\BOOKMARK [2][-]{subsection.3.8.4}{\376\377\000E\000s\000t\000u\000d\000i\000o\000\040\000d\000e\000\040\000g\000r\000a\000n\000u\000l\000a\000r\000i\000d\000a\000d\000\040\000t\000e\000m\000p\000o\000r\000a\000l}{section.3.8}% 80
\BOOKMARK [2][-]{subsection.3.8.5}{\376\377\000A\000b\000l\000a\000c\000i\000\363\000n\000\040\000d\000e\000\040\000f\000e\000a\000t\000u\000r\000e\000s}{section.3.8}% 81
\BOOKMARK [2][-]{subsection.3.8.6}{\376\377\000C\000o\000m\000p\000a\000r\000a\000c\000i\000\363\000n\000\040\000c\000o\000n\000\040\000l\000a\000\040\000l\000i\000t\000e\000r\000a\000t\000u\000r\000a\000:\000\040\000C\000r\000u\000c\000e\000r\000o\000\040\000y\000\040\000P\000.\000M\000o\000n\000t\000t\000\040\0002\0000\0002\0004}{section.3.8}% 82
\BOOKMARK [0][-]{chapter.4}{\376\377\000R\000e\000s\000u\000l\000t\000a\000d\000o\000s\000\040\000y\000\040\000A\000n\000\341\000l\000i\000s\000i\000s}{}% 83
\BOOKMARK [1][-]{section.4.1}{\376\377\000L\000\355\000n\000e\000a\000s\000\040\000b\000a\000s\000e\000\040\000i\000n\000g\000e\000n\000u\000a\000s}{chapter.4}% 84
\BOOKMARK [1][-]{section.4.2}{\376\377\000M\000o\000d\000e\000l\000o\000\040\000P\000r\000o\000p\000h\000e\000t}{chapter.4}% 85
\BOOKMARK [2][-]{subsection.4.2.1}{\376\377\000D\000e\000s\000e\000m\000p\000e\000\361\000o\000\040\000p\000o\000r\000\040\000b\000a\000r\000r\000a}{section.4.2}% 86
\BOOKMARK [1][-]{section.4.3}{\376\377\000T\000e\000m\000p\000o\000r\000a\000l\000\040\000F\000u\000s\000i\000o\000n\000\040\000T\000r\000a\000n\000s\000f\000o\000r\000m\000e\000r\000\040\000c\000o\000n\000\040\000L\000a\000y\000e\000r\000N\000o\000r\000m}{chapter.4}% 87
\BOOKMARK [2][-]{subsection.4.3.1}{\376\377\000D\000e\000s\000e\000m\000p\000e\000\361\000o\000\040\000p\000o\000r\000\040\000b\000a\000r\000r\000a}{section.4.3}% 88
\BOOKMARK [2][-]{subsection.4.3.2}{\376\377\000S\000o\000l\000+\000C\000l\000i\000m\000a\000\040\000\050\000S\000+\000C\000\051}{section.4.3}% 89
\BOOKMARK [1][-]{section.4.4}{\376\377\000S\000t\000a\000c\000k\000i\000n\000g\000\040\000O\000p\000t\000i\000m\000i\000z\000a\000t\000i\000o\000n}{chapter.4}% 90
\BOOKMARK [2][-]{subsection.4.4.1}{\376\377\000S\000e\000l\000e\000c\000c\000i\000\363\000n\000\040\000d\000e\000l\000\040\000m\000e\000j\000o\000r\000\040\000m\000\351\000t\000o\000d\000o\000\040\000d\000e\000\040\000o\000p\000t\000i\000m\000i\000z\000a\000c\000i\000\363\000n}{section.4.4}% 91
\BOOKMARK [2][-]{subsection.4.4.2}{\376\377\000S\000e\000l\000e\000c\000c\000i\000\363\000n\000\040\000d\000e\000\040\000l\000a\000\040\000m\000e\000j\000o\000r\000\040\000e\000s\000t\000r\000a\000t\000e\000g\000i\000a}{section.4.4}% 92
\BOOKMARK [1][-]{section.4.5}{\376\377\000T\000e\000m\000p\000o\000r\000a\000l\000\040\000F\000u\000s\000i\000o\000n\000\040\000T\000r\000a\000n\000s\000f\000o\000r\000m\000e\000r\000\040\000c\000o\000n\000\040\000D\000y\000n\000a\000m\000i\000c\000\040\000T\000a\000n\000h}{chapter.4}% 93
\BOOKMARK [2][-]{subsection.4.5.1}{\376\377\000D\000e\000s\000e\000m\000p\000e\000\361\000o\000\040\000p\000o\000r\000\040\000b\000a\000r\000r\000a}{section.4.5}% 94
\BOOKMARK [2][-]{subsection.4.5.2}{\376\377\000S\000o\000l\000+\000C\000l\000i\000m\000a\000\040\000\050\000S\000+\000C\000\051\000\040\000c\000o\000n\000\040\000T\000F\000T\000\040\000D\000y\000T}{section.4.5}% 95
\BOOKMARK [2][-]{subsection.4.5.3}{\376\377\000S\000t\000a\000c\000k\000i\000n\000g\000\040\000O\000p\000t\000i\000m\000i\000z\000a\000t\000i\000o\000n\000\040\000c\000o\000n\000\040\000T\000F\000T\000D\000y\000T}{section.4.5}% 96
\BOOKMARK [2][-]{subsection.4.5.4}{\376\377\000C\000o\000m\000p\000a\000r\000a\000t\000i\000v\000a\000\040\000T\000F\000T\000L\000N\000\040\000v\000s\000.\000\040\000T\000F\000T\000D\000y\000T}{section.4.5}% 97
\BOOKMARK [2][-]{subsection.4.5.5}{\376\377\000P\000+\000C\000\040\000v\000s\000.\000\040\000S\000+\000C\000:\000\040\000c\000o\000m\000p\000a\000r\000a\000c\000i\000\363\000n\000\040\000c\000e\000n\000t\000r\000a\000l}{section.4.5}% 98
\BOOKMARK [1][-]{section.4.6}{\376\377\000C\000o\000n\000f\000o\000r\000m\000a\000l\000\040\000P\000r\000e\000d\000i\000c\000t\000i\000o\000n}{chapter.4}% 99
\BOOKMARK [2][-]{subsection.4.6.1}{\376\377\000S\000p\000l\000i\000t\000\040\000C\000P\000\040\000c\000l\000\341\000s\000i\000c\000o}{section.4.6}% 100
\BOOKMARK [2][-]{subsection.4.6.2}{\376\377\000A\000C\000I}{section.4.6}% 101
\BOOKMARK [2][-]{subsection.4.6.3}{\376\377\000L\000W\000\040\000S\000p\000l\000i\000t\000\040\000C\000P}{section.4.6}% 102
\BOOKMARK [2][-]{subsection.4.6.4}{\376\377\000L\000W\000-\000A\000C\000P\000\040\000O\000n\000l\000i\000n\000e}{section.4.6}% 103
\BOOKMARK [2][-]{subsection.4.6.5}{\376\377\000C\000o\000m\000p\000a\000r\000a\000t\000i\000v\000a\000\040\000d\000e\000\040\000m\000\351\000t\000o\000d\000o\000s\000:\000\040\000S\000C\000P\000,\000\040\000A\000C\000P\000,\000\040\000L\000W\000-\000A\000C\000P\000\040\000y\000\040\000C\000Q\000R}{section.4.6}% 104
\BOOKMARK [2][-]{subsection.4.6.6}{\376\377\000C\000o\000b\000e\000r\000t\000u\000r\000a\000\040\000c\000o\000n\000d\000i\000c\000i\000o\000n\000a\000l\000\040\000p\000o\000r\000\040\000h\000o\000r\000a\000\040\000y\000\040\000p\000o\000r\000\040\000m\000e\000s}{section.4.6}% 105
\BOOKMARK [2][-]{subsection.4.6.7}{\376\377\000S\000e\000l\000e\000c\000c\000i\000\363\000n\000\040\000d\000e\000l\000\040\000m\000e\000j\000o\000r\000\040\000m\000\351\000t\000o\000d\000o\000\040\000d\000e\000\040\000C\000P}{section.4.6}% 106
\BOOKMARK [2][-]{subsection.4.6.8}{\376\377\000A\000n\000\341\000l\000i\000s\000i\000s\000\040\000d\000e\000\040\000e\000r\000r\000o\000r\000e\000s\000\040\000e\000x\000t\000r\000e\000m\000o\000s}{section.4.6}% 107
\BOOKMARK [1][-]{section.4.7}{\376\377\000A\000n\000\341\000l\000i\000s\000i\000s\000\040\000d\000e\000\040\000i\000n\000t\000e\000r\000p\000r\000e\000t\000a\000b\000i\000l\000i\000d\000a\000d\000\040\000d\000e\000l\000\040\000T\000F\000T}{chapter.4}% 108
\BOOKMARK [2][-]{subsection.4.7.1}{\376\377\000I\000m\000p\000o\000r\000t\000a\000n\000c\000i\000a\000\040\000d\000e\000\040\000v\000a\000r\000i\000a\000b\000l\000e\000s}{section.4.7}% 109
\BOOKMARK [1][-]{section.4.8}{\376\377\000E\000x\000t\000e\000n\000s\000i\000o\000n\000e\000s\000\040\000y\000\040\000a\000n\000\341\000l\000i\000s\000i\000s\000\040\000c\000o\000m\000p\000l\000e\000m\000e\000n\000t\000a\000r\000i\000o\000s}{chapter.4}% 110
\BOOKMARK [2][-]{subsection.4.8.1}{\376\377\000P\000u\000e\000r\000t\000o\000\040\000M\000o\000n\000t\000t\000:\000\040\000f\000e\000a\000t\000u\000r\000e\000s\000\040\000h\000\355\000d\000r\000i\000c\000a\000s\000\040\000\050\000H\000+\000C\000\040\000y\000\040\000S\000+\000H\000+\000C\000\051}{section.4.8}% 111
\BOOKMARK [2][-]{subsection.4.8.2}{\376\377\000C\000o\000m\000p\000a\000r\000a\000c\000i\000\363\000n\000\040\000c\000o\000n\000t\000r\000a\000\040\000e\000l\000\040\000c\000o\000s\000t\000o\000\040\000m\000a\000r\000g\000i\000n\000a\000l\000\040\000p\000r\000o\000g\000r\000a\000m\000a\000d\000o\000\040\000d\000e\000l\000\040\000C\000E\000N}{section.4.8}% 112
\BOOKMARK [2][-]{subsection.4.8.3}{\376\377\000S\000e\000n\000s\000i\000b\000i\000l\000i\000d\000a\000d\000\040\000a\000\040\000u\000n\000a\000\040\000f\000u\000n\000c\000i\000\363\000n\000\040\000d\000e\000\040\000p\000\351\000r\000d\000i\000d\000a\000\040\000a\000s\000i\000m\000\351\000t\000r\000i\000c\000a}{section.4.8}% 113
\BOOKMARK [2][-]{subsection.4.8.4}{\376\377\000E\000s\000t\000u\000d\000i\000o\000\040\000d\000e\000\040\000g\000r\000a\000n\000u\000l\000a\000r\000i\000d\000a\000d\000\040\000t\000e\000m\000p\000o\000r\000a\000l}{section.4.8}% 114
\BOOKMARK [2][-]{subsection.4.8.5}{\376\377\000A\000b\000l\000a\000c\000i\000\363\000n\000\040\000d\000e\000\040\000f\000e\000a\000t\000u\000r\000e\000s}{section.4.8}% 115
\BOOKMARK [2][-]{subsection.4.8.6}{\376\377\000C\000o\000m\000p\000a\000r\000a\000c\000i\000\363\000n\000\040\000c\000o\000n\000\040\000l\000a\000\040\000l\000i\000t\000e\000r\000a\000t\000u\000r\000a\000:\000\040\000C\000R\000U\000C\000E\000R\000O\000\040\000y\000\040\000P\000.\000M\000O\000N\000T\000T\000\040\0002\0000\0002\0004}{section.4.8}% 116
\BOOKMARK [0][-]{chapter.5}{\376\377\000C\000o\000n\000c\000l\000u\000s\000i\000o\000n\000e\000s}{}% 117
\BOOKMARK [1][-]{section.5.1}{\376\377\000S\000\355\000n\000t\000e\000s\000i\000s\000\040\000d\000e\000\040\000r\000e\000s\000u\000l\000t\000a\000d\000o\000s}{chapter.5}% 118
\BOOKMARK [1][-]{section.5.2}{\376\377\000C\000o\000n\000t\000r\000i\000b\000u\000c\000i\000o\000n\000e\000s}{chapter.5}% 119
\BOOKMARK [1][-]{section.5.3}{\376\377\000L\000i\000m\000i\000t\000a\000c\000i\000o\000n\000e\000s}{chapter.5}% 120
\BOOKMARK [1][-]{section.5.4}{\376\377\000T\000r\000a\000b\000a\000j\000o\000\040\000f\000u\000t\000u\000r\000o}{chapter.5}% 121
\BOOKMARK [0][-]{chapter*.77}{\376\377\000B\000i\000b\000l\000i\000o\000g\000r\000a\000f\000\355\000a}{}% 122
\BOOKMARK [0][-]{Appendix.1.Alph1}{\376\377\000A\000p\000\351\000n\000d\000i\000c\000e\000\040\000A\000n\000e\000x\000o}{}% 123
\BOOKMARK [1][-]{section.1.Alph1.1}{\376\377\000A\000n\000\341\000l\000i\000s\000i\000s\000\040\000d\000e\000\040\000e\000r\000r\000o\000r\000e\000s\000\040\000e\000x\000t\000r\000e\000m\000o\000s\000:\000\040\000d\000e\000t\000a\000l\000l\000e\000\040\000p\000o\000r\000\040\000b\000a\000r\000r\000a}{Appendix.1.Alph1}% 124
\BOOKMARK [2][-]{subsection.1.Alph1.1.1}{\376\377\000C\000a\000r\000d\000o\000n\000e\000s}{section.1.Alph1.1}% 125
\BOOKMARK [2][-]{subsection.1.Alph1.1.2}{\376\377\000C\000h\000a\000r\000r\000\372\000a}{section.1.Alph1.1}% 126
\BOOKMARK [2][-]{subsection.1.Alph1.1.3}{\376\377\000C\000r\000u\000c\000e\000r\000o}{section.1.Alph1.1}% 127
\BOOKMARK [2][-]{subsection.1.Alph1.1.4}{\376\377\000P\000a\000n\000\040\000d\000e\000\040\000A\000z\000\372\000c\000a\000r}{section.1.Alph1.1}% 128
\BOOKMARK [2][-]{subsection.1.Alph1.1.5}{\376\377\000P\000u\000e\000r\000t\000o\000\040\000M\000o\000n\000t\000t}{section.1.Alph1.1}% 129
\BOOKMARK [2][-]{subsection.1.Alph1.1.6}{\376\377\000Q\000u\000i\000l\000l\000o\000t\000a}{section.1.Alph1.1}% 130
\BOOKMARK [2][-]{subsection.1.Alph1.1.7}{\376\377\000T\000a\000r\000a\000p\000a\000c\000\341}{section.1.Alph1.1}% 131
