This is pdfTeX, Version 3.141592653-2.6-1.40.28 (MiKTeX 25.12) (preloaded format=pdflatex 2026.8.4)  7 SEP 2026 01:22
entering extended mode
 restricted \write18 enabled.
 file:line:error style messages enabled.
 %&-line parsing enabled.
**"c:/Users/56977/OneDrive/Escritorio/Tesis - copia/Escrito/main.tex"
(c:/Users/56977/OneDrive/Escritorio/Tesis - copia/Escrito/main.tex
LaTeX2e <2025-11-01>
L3 programming layer <2025-12-24>
(umemoria.cls
Document Class: umemoria 2021/09/23 v1.6 Clase LaTeX para estandarizacion de Memorias U. de Chile
(C:\Users\56977\AppData\Local\Programs\MiKTeX\tex/latex/base\book.cls
Document Class: book 2025/01/22 v1.4n Standard LaTeX document class
(C:\Users\56977\AppData\Local\Programs\MiKTeX\tex/latex/base\bk12.clo
File: bk12.clo 2025/01/22 v1.4n Standard LaTeX file (size option)
)
\c@part=\count275
\c@chapter=\count276
\c@section=\count277
\c@subsection=\count278
\c@subsubsection=\count279
\c@paragraph=\count280
\c@subparagraph=\count281
\c@figure=\count282
\c@table=\count283
\abovecaptionskip=\skip49
\belowcaptionskip=\skip50
\bibindent=\dimen148
) (C:\Users\56977\AppData\Local\Programs\MiKTeX\tex/latex/base\inputenc.sty
Package: inputenc 2024/02/08 v1.3d Input encoding file
\inpenc@prehook=\toks17
\inpenc@posthook=\toks18
) (C:\Users\56977\AppData\Local\Programs\MiKTeX\tex/latex/geometry\geometry.sty
Package: geometry 2026/03/07 v6.0 Page Geometry
 (C:\Users\56977\AppData\Local\Programs\MiKTeX\tex/latex/graphics\keyval.sty
Package: keyval 2022/05/29 v1.15 key=value parser (DPC)
\KV@toks@=\toks19
) (C:\Users\56977\AppData\Local\Programs\MiKTeX\tex/generic/iftex\ifvtex.sty
Package: ifvtex 2019/10/25 v1.7 ifvtex legacy package. Use iftex instead.
 (C:\Users\56977\AppData\Local\Programs\MiKTeX\tex/generic/iftex\iftex.sty
Package: iftex 2024/12/12 v1.0g TeX engine tests
))
\Gm@cnth=\count284
\Gm@cntv=\count285
\c@Gm@tempcnt=\count286
\Gm@bindingoffset=\dimen149
\Gm@wd@mp=\dimen150
\Gm@odd@mp=\dimen151
\Gm@even@mp=\dimen152
\Gm@layoutwidth=\dimen153
\Gm@layoutheight=\dimen154
\Gm@layouthoffset=\dimen155
\Gm@layoutvoffset=\dimen156
\Gm@dimlist=\toks20
 (C:\Users\56977\AppData\Local\Programs\MiKTeX\tex/latex/geometry\geometry.cfg)) (C:\Users\56977\AppData\Local\Programs\MiKTeX\tex/latex/amsmath\amsmath.sty
Package: amsmath 2025/07/09 v2.17z AMS math features
\@mathmargin=\skip51

For additional information on amsmath, use the `?' option.
(C:\Users\56977\AppData\Local\Programs\MiKTeX\tex/latex/amsmath\amstext.sty
Package: amstext 2024/11/17 v2.01 AMS text
 (C:\Users\56977\AppData\Local\Programs\MiKTeX\tex/latex/amsmath\amsgen.sty
File: amsgen.sty 1999/11/30 v2.0 generic functions
\@emptytoks=\toks21
\ex@=\dimen157
)) (C:\Users\56977\AppData\Local\Programs\MiKTeX\tex/latex/amsmath\amsbsy.sty
Package: amsbsy 1999/11/29 v1.2d Bold Symbols
\pmbraise@=\dimen158
) (C:\Users\56977\AppData\Local\Programs\MiKTeX\tex/latex/amsmath\amsopn.sty
Package: amsopn 2022/04/08 v2.04 operator names
)
\inf@bad=\count287
LaTeX Info: Redefining \frac on input line 233.
\uproot@=\count288
\leftroot@=\count289
LaTeX Info: Redefining \overline on input line 398.
LaTeX Info: Redefining \colon on input line 409.
\classnum@=\count290
\DOTSCASE@=\count291
LaTeX Info: Redefining \ldots on input line 495.
LaTeX Info: Redefining \dots on input line 498.
LaTeX Info: Redefining \cdots on input line 619.
\Mathstrutbox@=\box53
\strutbox@=\box54
LaTeX Info: Redefining \big on input line 721.
LaTeX Info: Redefining \Big on input line 722.
LaTeX Info: Redefining \bigg on input line 723.
LaTeX Info: Redefining \Bigg on input line 724.
\big@size=\dimen159
LaTeX Font Info:    Redeclaring font encoding OML on input line 742.
LaTeX Font Info:    Redeclaring font encoding OMS on input line 743.
\macc@depth=\count292
LaTeX Info: Redefining \bmod on input line 904.
LaTeX Info: Redefining \pmod on input line 909.
LaTeX Info: Redefining \smash on input line 939.
LaTeX Info: Redefining \relbar on input line 969.
LaTeX Info: Redefining \Relbar on input line 970.
\c@MaxMatrixCols=\count293
\dotsspace@=\muskip17
\c@parentequation=\count294
\dspbrk@lvl=\count295
\tag@help=\toks22
\row@=\count296
\column@=\count297
\maxfields@=\count298
\andhelp@=\toks23
\eqnshift@=\dimen160
\alignsep@=\dimen161
\tagshift@=\dimen162
\tagwidth@=\dimen163
\totwidth@=\dimen164
\lineht@=\dimen165
\@envbody=\toks24
\multlinegap=\skip52
\multlinetaggap=\skip53
\mathdisplay@stack=\toks25
LaTeX Info: Redefining \[ on input line 2950.
LaTeX Info: Redefining \] on input line 2951.
) (C:\Users\56977\AppData\Local\Programs\MiKTeX\tex/latex/amsfonts\amssymb.sty
Package: amssymb 2013/01/14 v3.01 AMS font symbols
 (C:\Users\56977\AppData\Local\Programs\MiKTeX\tex/latex/amsfonts\amsfonts.sty
Package: amsfonts 2013/01/14 v3.01 Basic AMSFonts support
\symAMSa=\mathgroup4
\symAMSb=\mathgroup5
LaTeX Font Info:    Redeclaring math symbol \hbar on input line 98.
LaTeX Font Info:    Overwriting math alphabet `\mathfrak' in version `bold'
(Font)                  U/euf/m/n --> U/euf/b/n on input line 106.
)) (C:\Users\56977\AppData\Local\Programs\MiKTeX\tex/latex/amscls\amsthm.sty
Package: amsthm 2020/05/29 v2.20.6
\thm@style=\toks26
\thm@bodyfont=\toks27
\thm@headfont=\toks28
\thm@notefont=\toks29
\thm@headpunct=\toks30
\thm@preskip=\skip54
\thm@postskip=\skip55
\thm@headsep=\skip56
\dth@everypar=\toks31
) (C:\Users\56977\AppData\Local\Programs\MiKTeX\tex/latex/graphics\graphicx.sty
Package: graphicx 2024/12/31 v1.2e Enhanced LaTeX Graphics (DPC,SPQR)
 (C:\Users\56977\AppData\Local\Programs\MiKTeX\tex/latex/graphics\graphics.sty
Package: graphics 2024/08/06 v1.4g Standard LaTeX Graphics (DPC,SPQR)
 (C:\Users\56977\AppData\Local\Programs\MiKTeX\tex/latex/graphics\trig.sty
Package: trig 2023/12/02 v1.11 sin cos tan (DPC)
) (C:\Users\56977\AppData\Local\Programs\MiKTeX\tex/latex/graphics-cfg\graphics.cfg
File: graphics.cfg 2016/06/04 v1.11 sample graphics configuration
)
Package graphics Info: Driver file: pdftex.def on input line 106.
 (C:\Users\56977\AppData\Local\Programs\MiKTeX\tex/latex/graphics-def\pdftex.def
File: pdftex.def 2025/09/29 v1.2d Graphics/color driver for pdftex
))
\Gin@req@height=\dimen166
\Gin@req@width=\dimen167
) (C:\Users\56977\AppData\Local\Programs\MiKTeX\tex/latex/caption\caption.sty
Package: caption 2023/08/05 v3.6o Customizing captions (AR)
 (C:\Users\56977\AppData\Local\Programs\MiKTeX\tex/latex/caption\caption3.sty
Package: caption3 2023/07/31 v2.4d caption3 kernel (AR)
\caption@tempdima=\dimen168
\captionmargin=\dimen169
\caption@leftmargin=\dimen170
\caption@rightmargin=\dimen171
\caption@width=\dimen172
\caption@indent=\dimen173
\caption@parindent=\dimen174
\caption@hangindent=\dimen175
Package caption Info: Standard document class detected.
)
\c@caption@flags=\count299
\c@continuedfloat=\count300
) (C:\Users\56977\AppData\Local\Programs\MiKTeX\tex/latex/appendix\appendix.sty
Package: appendix 2020/02/08 v1.2c extra appendix facilities
\c@@pps=\count301
\c@@ppsavesec=\count302
\c@@ppsaveapp=\count303
) (C:\Users\56977\AppData\Local\Programs\MiKTeX\tex/generic/babel\babel.sty
Package: babel 2025/12/11 v25.17 The multilingual framework for LuaLaTeX, pdfLaTeX and XeLaTeX
\babel@savecnt=\count304
LaTeX Encoding Info:    Redeclaring text command \ij (encoding OT1) on input line 2068.
LaTeX Encoding Info:    Redeclaring text command \IJ (encoding OT1) on input line 2070.
LaTeX Encoding Info:    Redeclaring text command \ij (encoding T1) on input line 2072.
LaTeX Encoding Info:    Redeclaring text command \IJ (encoding T1) on input line 2073.
LaTeX Encoding Info:    Ignoring declaration for text command \ij (encoding ?) on input line 2074.
LaTeX Encoding Info:    Ignoring declaration for text command \IJ (encoding ?) on input line 2076.
LaTeX Encoding Info:    Ignoring declaration for text command \SS (encoding ?) on input line 2101.
\U@D=\dimen176
\l@unhyphenated=\language79
 (C:\Users\56977\AppData\Local\Programs\MiKTeX\tex/generic/babel\txtbabel.def)
\bbl@readstream=\read2
\bbl@dirlevel=\count305
Package babel Info: Configuration files are deprecated, as
(babel)             they can break document portability.
(babel)             Reported on input line 4196.

*************************************
* Local config file bblopts.cfg used
*
(C:\Users\56977\AppData\Local\Programs\MiKTeX\tex/latex/arabi\bblopts.cfg
File: bblopts.cfg 2005/09/08 v0.1 add Arabic and Farsi to "declared" options of babel
) (C:\Users\56977\AppData\Local\Programs\MiKTeX\tex/generic/babel/locale/es\babel-spanish.tex)
Package babel Info: Importing font and identification data for spanish
(babel)             from babel-es.ini. Reported on input line 4320.
 (C:\Users\56977\AppData\Local\Programs\MiKTeX\tex/latex/babel-spanish\spanish.ldf
Language: spanish.ldf 2021/05/27 v5.0q Spanish support from the babel system
\es@quottoks=\toks32
\es@quotdepth=\count306
Package babel Info: Making " an active character on input line 570.
Package babel Info: Making . an active character on input line 675.
Package babel Info: Making < an active character on input line 722.
Package babel Info: Making > an active character on input line 722.
))
LaTeX Encoding Info:    Redeclaring text command \guillemotleft (encoding OT1) on input line 53.
LaTeX Encoding Info:    Redeclaring text command \guillemotright (encoding OT1) on input line 53.
 (C:\Users\56977\AppData\Local\Programs\MiKTeX\tex/latex/hyperref\hyperref.sty
Package: hyperref 2025-07-12 v7.01o Hypertext links for LaTeX
 (C:\Users\56977\AppData\Local\Programs\MiKTeX\tex/latex/kvsetkeys\kvsetkeys.sty
Package: kvsetkeys 2022-10-05 v1.19 Key value parser (HO)
) (C:\Users\56977\AppData\Local\Programs\MiKTeX\tex/generic/kvdefinekeys\kvdefinekeys.sty
Package: kvdefinekeys 2019-12-19 v1.6 Define keys (HO)
) (C:\Users\56977\AppData\Local\Programs\MiKTeX\tex/generic/pdfescape\pdfescape.sty
Package: pdfescape 2019/12/09 v1.15 Implements pdfTeX's escape features (HO)
 (C:\Users\56977\AppData\Local\Programs\MiKTeX\tex/generic/ltxcmds\ltxcmds.sty
Package: ltxcmds 2023-12-04 v1.26 LaTeX kernel commands for general use (HO)
) (C:\Users\56977\AppData\Local\Programs\MiKTeX\tex/generic/pdftexcmds\pdftexcmds.sty
Package: pdftexcmds 2020-06-27 v0.33 Utility functions of pdfTeX for LuaTeX (HO)
 (C:\Users\56977\AppData\Local\Programs\MiKTeX\tex/generic/infwarerr\infwarerr.sty
Package: infwarerr 2019/12/03 v1.5 Providing info/warning/error messages (HO)
)
Package pdftexcmds Info: \pdf@primitive is available.
Package pdftexcmds Info: \pdf@ifprimitive is available.
Package pdftexcmds Info: \pdfdraftmode found.
)) (C:\Users\56977\AppData\Local\Programs\MiKTeX\tex/latex/hycolor\hycolor.sty
Package: hycolor 2020-01-27 v1.10 Color options for hyperref/bookmark (HO)
) (C:\Users\56977\AppData\Local\Programs\MiKTeX\tex/latex/hyperref\nameref.sty
Package: nameref 2025-06-21 v2.57 Cross-referencing by name of section
 (C:\Users\56977\AppData\Local\Programs\MiKTeX\tex/latex/refcount\refcount.sty
Package: refcount 2019/12/15 v3.6 Data extraction from label references (HO)
) (C:\Users\56977\AppData\Local\Programs\MiKTeX\tex/generic/gettitlestring\gettitlestring.sty
Package: gettitlestring 2019/12/15 v1.6 Cleanup title references (HO)
 (C:\Users\56977\AppData\Local\Programs\MiKTeX\tex/latex/kvoptions\kvoptions.sty
Package: kvoptions 2022-06-15 v3.15 Key value format for package options (HO)
))
\c@section@level=\count307
) (C:\Users\56977\AppData\Local\Programs\MiKTeX\tex/latex/etoolbox\etoolbox.sty
Package: etoolbox 2025/10/02 v2.5m e-TeX tools for LaTeX (JAW)
\etb@tempcnta=\count308
) (C:\Users\56977\AppData\Local\Programs\MiKTeX\tex/generic/stringenc\stringenc.sty
Package: stringenc 2019/11/29 v1.12 Convert strings between diff. encodings (HO)
)
\@linkdim=\dimen177
\Hy@linkcounter=\count309
\Hy@pagecounter=\count310
 (C:\Users\56977\AppData\Local\Programs\MiKTeX\tex/latex/hyperref\pd1enc.def
File: pd1enc.def 2025-07-12 v7.01o Hyperref: PDFDocEncoding definition (HO)
Now handling font encoding PD1 ...
... no UTF-8 mapping file for font encoding PD1
) (C:\Users\56977\AppData\Local\Programs\MiKTeX\tex/generic/intcalc\intcalc.sty
Package: intcalc 2019/12/15 v1.3 Expandable calculations with integers (HO)
)
\Hy@SavedSpaceFactor=\count311
 (C:\Users\56977\AppData\Local\Programs\MiKTeX\tex/latex/hyperref\puenc.def
File: puenc.def 2025-07-12 v7.01o Hyperref: PDF Unicode definition (HO)
Now handling font encoding PU ...
... no UTF-8 mapping file for font encoding PU
)
Package hyperref Info: Option `pdfpagelabels' set `true' on input line 4066.
Package hyperref Info: Hyper figures OFF on input line 4195.
Package hyperref Info: Link nesting OFF on input line 4200.
Package hyperref Info: Hyper index ON on input line 4203.
Package hyperref Info: Plain pages OFF on input line 4210.
Package hyperref Info: Backreferencing OFF on input line 4215.
Package hyperref Info: Implicit mode ON; LaTeX internals redefined.
Package hyperref Info: Bookmarks ON on input line 4462.
\c@Hy@tempcnt=\count312
 (C:\Users\56977\AppData\Local\Programs\MiKTeX\tex/latex/url\url.sty
\Urlmuskip=\muskip18
Package: url 2013/09/16  ver 3.4  Verb mode for urls, etc.
)
LaTeX Info: Redefining \url on input line 4801.
\XeTeXLinkMargin=\dimen178
 (C:\Users\56977\AppData\Local\Programs\MiKTeX\tex/generic/bitset\bitset.sty
Package: bitset 2019/12/09 v1.3 Handle bit-vector datatype (HO)
 (C:\Users\56977\AppData\Local\Programs\MiKTeX\tex/generic/bigintcalc\bigintcalc.sty
Package: bigintcalc 2019/12/15 v1.5 Expandable calculations on big integers (HO)
))
\Fld@menulength=\count313
\Field@Width=\dimen179
\Fld@charsize=\dimen180
Package hyperref Info: Hyper figures OFF on input line 6078.
Package hyperref Info: Link nesting OFF on input line 6083.
Package hyperref Info: Hyper index ON on input line 6086.
Package hyperref Info: backreferencing OFF on input line 6093.
Package hyperref Info: Link coloring OFF on input line 6098.
Package hyperref Info: Link coloring with OCG OFF on input line 6103.
Package hyperref Info: PDF/A mode OFF on input line 6108.
\Hy@abspage=\count314
\c@Item=\count315
\c@Hfootnote=\count316
)
Package hyperref Info: Driver (autodetected): hpdftex.
 (C:\Users\56977\AppData\Local\Programs\MiKTeX\tex/latex/hyperref\hpdftex.def
File: hpdftex.def 2025-07-12 v7.01o Hyperref driver for pdfTeX
\Fld@listcount=\count317
\c@bookmark@seq@number=\count318
 (C:\Users\56977\AppData\Local\Programs\MiKTeX\tex/latex/rerunfilecheck\rerunfilecheck.sty
Package: rerunfilecheck 2025-06-21 v1.11 Rerun checks for auxiliary files (HO)
 (C:\Users\56977\AppData\Local\Programs\MiKTeX\tex/generic/uniquecounter\uniquecounter.sty
Package: uniquecounter 2019/12/15 v1.4 Provide unlimited unique counter (HO)
)
Package uniquecounter Info: New unique counter `rerunfilecheck' on input line 284.
)
\Hy@SectionHShift=\skip57
) (C:\Users\56977\AppData\Local\Programs\MiKTeX\tex/latex/listings\listings.sty
\lst@mode=\count319
\lst@gtempboxa=\box55
\lst@token=\toks33
\lst@length=\count320
\lst@currlwidth=\dimen181
\lst@column=\count321
\lst@pos=\count322
\lst@lostspace=\dimen182
\lst@width=\dimen183
\lst@newlines=\count323
\lst@lineno=\count324
\lst@maxwidth=\dimen184
 (C:\Users\56977\AppData\Local\Programs\MiKTeX\tex/latex/listings\lstpatch.sty
File: lstpatch.sty 2025/11/14 1.11b (Carsten Heinz)
) (C:\Users\56977\AppData\Local\Programs\MiKTeX\tex/latex/listings\lstmisc.sty
File: lstmisc.sty 2025/11/14 1.11b (Carsten Heinz)
\c@lstnumber=\count325
\lst@skipnumbers=\count326
\lst@framebox=\box56
) (C:\Users\56977\AppData\Local\Programs\MiKTeX\tex/latex/listings\listings.cfg
File: listings.cfg 2025/11/14 1.11b listings configuration
))
Package: listings 2025/11/14 1.11b (Carsten Heinz)

==> First Aid for listings.sty no longer applied!
    Expected:
        2024/09/23 1.10c (Carsten Heinz)
    but found:
        2025/11/14 1.11b (Carsten Heinz)
    so I'm assuming it got fixed.
(C:\Users\56977\AppData\Local\Programs\MiKTeX\tex/latex/pgf/utilities\pgffor.sty (C:\Users\56977\AppData\Local\Programs\MiKTeX\tex/latex/pgf/utilities\pgfrcs.sty (C:\Users\56977\AppData\Local\Programs\MiKTeX\tex/generic/pgf/utilities\pgfutil-common.tex
\pgfutil@everybye=\toks34
\pgfutil@tempdima=\dimen185
\pgfutil@tempdimb=\dimen186
) (C:\Users\56977\AppData\Local\Programs\MiKTeX\tex/generic/pgf/utilities\pgfutil-latex.def
\pgfutil@abb=\box57
) (C:\Users\56977\AppData\Local\Programs\MiKTeX\tex/generic/pgf/utilities\pgfrcs.code.tex (C:\Users\56977\AppData\Local\Programs\MiKTeX\tex/generic/pgf\pgf.revision.tex)
Package: pgfrcs 2025-08-29 v3.1.11a (3.1.11a)
)) (C:\Users\56977\AppData\Local\Programs\MiKTeX\tex/latex/pgf/utilities\pgfkeys.sty (C:\Users\56977\AppData\Local\Programs\MiKTeX\tex/generic/pgf/utilities\pgfkeys.code.tex
\pgfkeys@pathtoks=\toks35
\pgfkeys@temptoks=\toks36
 (C:\Users\56977\AppData\Local\Programs\MiKTeX\tex/generic/pgf/utilities\pgfkeyslibraryfiltered.code.tex
\pgfkeys@tmptoks=\toks37
))) (C:\Users\56977\AppData\Local\Programs\MiKTeX\tex/latex/pgf/math\pgfmath.sty (C:\Users\56977\AppData\Local\Programs\MiKTeX\tex/generic/pgf/math\pgfmath.code.tex (C:\Users\56977\AppData\Local\Programs\MiKTeX\tex/generic/pgf/math\pgfmathutil.code.tex
\pgf@x=\dimen187
\pgf@xa=\dimen188
\pgf@xb=\dimen189
\pgf@xc=\dimen190
\pgf@y=\dimen191
\pgf@ya=\dimen192
\pgf@yb=\dimen193
\pgf@yc=\dimen194
\c@pgf@counta=\count327
\c@pgf@countb=\count328
\c@pgf@countc=\count329
\c@pgf@countd=\count330
) (C:\Users\56977\AppData\Local\Programs\MiKTeX\tex/generic/pgf/math\pgfmathparser.code.tex
\pgfmath@dimen=\dimen195
\pgfmath@count=\count331
\pgfmath@box=\box58
\pgfmath@toks=\toks38
\pgfmath@stack@operand=\toks39
\pgfmath@stack@operation=\toks40
) (C:\Users\56977\AppData\Local\Programs\MiKTeX\tex/generic/pgf/math\pgfmathfunctions.code.tex) (C:\Users\56977\AppData\Local\Programs\MiKTeX\tex/generic/pgf/math\pgfmathfunctions.basic.code.tex) (C:\Users\56977\AppData\Local\Programs\MiKTeX\tex/generic/pgf/math\pgfmathfunctions.trigonometric.code.tex) (C:\Users\56977\AppData\Local\Programs\MiKTeX\tex/generic/pgf/math\pgfmathfunctions.random.code.tex) (C:\Users\56977\AppData\Local\Programs\MiKTeX\tex/generic/pgf/math\pgfmathfunctions.comparison.code.tex) (C:\Users\56977\AppData\Local\Programs\MiKTeX\tex/generic/pgf/math\pgfmathfunctions.base.code.tex) (C:\Users\56977\AppData\Local\Programs\MiKTeX\tex/generic/pgf/math\pgfmathfunctions.round.code.tex) (C:\Users\56977\AppData\Local\Programs\MiKTeX\tex/generic/pgf/math\pgfmathfunctions.misc.code.tex) (C:\Users\56977\AppData\Local\Programs\MiKTeX\tex/generic/pgf/math\pgfmathfunctions.integerarithmetics.code.tex) (C:\Users\56977\AppData\Local\Programs\MiKTeX\tex/generic/pgf/math\pgfmathcalc.code.tex) (C:\Users\56977\AppData\Local\Programs\MiKTeX\tex/generic/pgf/math\pgfmathfloat.code.tex
\c@pgfmathroundto@lastzeros=\count332
))) (C:\Users\56977\AppData\Local\Programs\MiKTeX\tex/generic/pgf/utilities\pgffor.code.tex
Package: pgffor 2025-08-29 v3.1.11a (3.1.11a)
\pgffor@iter=\dimen196
\pgffor@skip=\dimen197
\pgffor@stack=\toks41
\pgffor@toks=\toks42
))
\c@defn=\count333
) (C:\Users\56977\AppData\Local\Programs\MiKTeX\tex/latex/lipsum\lipsum.sty (C:\Users\56977\AppData\Local\Programs\MiKTeX\tex/latex/l3packages/l3keys2e\l3keys2e.sty (C:\Users\56977\AppData\Local\Programs\MiKTeX\tex/latex/l3kernel\expl3.sty
Package: expl3 2025-12-24 L3 programming layer (loader) 
 (C:\Users\56977\AppData\Local\Programs\MiKTeX\tex/latex/l3backend\l3backend-pdftex.def
File: l3backend-pdftex.def 2025-10-09 L3 backend support: PDF output (pdfTeX)
\l__color_backend_stack_int=\count334
))
Package: l3keys2e 2025-10-09 LaTeX2e option processing using LaTeX3 keys
)
Package: lipsum 2021-09-20 v2.7 150 paragraphs of Lorem Ipsum dummy text
\g__lipsum_par_int=\count335
\l__lipsum_a_int=\count336
\l__lipsum_b_int=\count337
 (C:\Users\56977\AppData\Local\Programs\MiKTeX\tex/latex/lipsum\lipsum.ltd.tex)) (C:\Users\56977\AppData\Local\Programs\MiKTeX\tex/latex/caption\subcaption.sty
Package: subcaption 2023/07/28 v1.6b Sub-captions (AR)
Package caption Info: New subtype `subfigure' on input line 238.
\c@subfigure=\count338
Package caption Info: New subtype `subtable' on input line 238.
\c@subtable=\count339
)
\c@teorema=\count340
 (C:\Users\56977\AppData\Local\Programs\MiKTeX\tex/latex/booktabs\booktabs.sty
Package: booktabs 2020/01/12 v1.61803398 Publication quality tables
\heavyrulewidth=\dimen198
\lightrulewidth=\dimen199
\cmidrulewidth=\dimen256
\belowrulesep=\dimen257
\belowbottomsep=\dimen258
\aboverulesep=\dimen259
\abovetopsep=\dimen260
\cmidrulesep=\dimen261
\cmidrulekern=\dimen262
\defaultaddspace=\dimen263
\@cmidla=\count341
\@cmidlb=\count342
\@aboverulesep=\dimen264
\@belowrulesep=\dimen265
\@thisruleclass=\count343
\@lastruleclass=\count344
\@thisrulewidth=\dimen266
) (C:\Users\56977\AppData\Local\Programs\MiKTeX\tex/latex/multirow\multirow.sty
Package: multirow 2024/11/12 v2.9 Span multiple rows of a table
\multirow@colwidth=\skip58
\multirow@cntb=\count345
\multirow@dima=\skip59
\bigstrutjot=\dimen267
) (main.aux
LaTeX Info: Redefining \. on input line 11.
LaTeX Info: Redefining \% on input line 11.
Package babel Info: 'spanish' activates 'spanish' shorthands.
(babel)             Reported on input line 11.

main.aux:210: Text line contains an invalid character.
l.210 ...tsline {section}{\numberline {3.4}Temp^^@
                                                  ^^@^^@^^@^^@^^@^^@^^@^^@^^...
A funny symbol that I can't read has just been input.
Continue, and I'll forget that it ever happened.

main.aux:210: Text line contains an invalid character.
l.210 ...ine {section}{\numberline {3.4}Temp^^@^^@
                                                  ^^@^^@^^@^^@^^@^^@^^@^^@^^...
A funny symbol that I can't read has just been input.
Continue, and I'll forget that it ever happened.

main.aux:210: Text line contains an invalid character.
l.210 ... {section}{\numberline {3.4}Temp^^@^^@^^@
                                                  ^^@^^@^^@^^@^^@^^@^^@^^@^^...
A funny symbol that I can't read has just been input.
Continue, and I'll forget that it ever happened.

main.aux:210: Text line contains an invalid character.
l.210 ...ection}{\numberline {3.4}Temp^^@^^@^^@^^@
                                                  ^^@^^@^^@^^@^^@^^@^^@^^@^^...
A funny symbol that I can't read has just been input.
Continue, and I'll forget that it ever happened.

main.aux:210: Text line contains an invalid character.
l.210 ...ion}{\numberline {3.4}Temp^^@^^@^^@^^@^^@
                                                  ^^@^^@^^@^^@^^@^^@^^@^^@^^...
A funny symbol that I can't read has just been input.
Continue, and I'll forget that it ever happened.

main.aux:210: Text line contains an invalid character.
l.210 ...}{\numberline {3.4}Temp^^@^^@^^@^^@^^@^^@
                                                  ^^@^^@^^@^^@^^@^^@^^@^^@^^...
A funny symbol that I can't read has just been input.
Continue, and I'll forget that it ever happened.

main.aux:210: Text line contains an invalid character.
l.210 ...numberline {3.4}Temp^^@^^@^^@^^@^^@^^@^^@
                                                  ^^@^^@^^@^^@^^@^^@^^@^^@^^...
A funny symbol that I can't read has just been input.
Continue, and I'll forget that it ever happened.

main.aux:210: Text line contains an invalid character.
l.210 ...berline {3.4}Temp^^@^^@^^@^^@^^@^^@^^@^^@
                                                  ^^@^^@^^@^^@^^@^^@^^@^^@^^...
A funny symbol that I can't read has just been input.
Continue, and I'll forget that it ever happened.

main.aux:210: Text line contains an invalid character.
l.210 ...line {3.4}Temp^^@^^@^^@^^@^^@^^@^^@^^@^^@
                                                  ^^@^^@^^@^^@^^@^^@^^@^^@^^...
A funny symbol that I can't read has just been input.
Continue, and I'll forget that it ever happened.

main.aux:210: Text line contains an invalid character.
l.210 ...e {3.4}Temp^^@^^@^^@^^@^^@^^@^^@^^@^^@^^@
                                                  ^^@^^@^^@^^@^^@^^@^^@^^@^^...
A funny symbol that I can't read has just been input.
Continue, and I'll forget that it ever happened.

main.aux:210: Text line contains an invalid character.
l.210 ...3.4}Temp^^@^^@^^@^^@^^@^^@^^@^^@^^@^^@^^@
                                                  ^^@^^@^^@^^@^^@^^@^^@^^@^^...
A funny symbol that I can't read has just been input.
Continue, and I'll forget that it ever happened.

main.aux:210: Text line contains an invalid character.
l.210 ...}Temp^^@^^@^^@^^@^^@^^@^^@^^@^^@^^@^^@^^@
                                                  ^^@^^@^^@^^@^^@^^@^^@^^@^^...
A funny symbol that I can't read has just been input.
Continue, and I'll forget that it ever happened.

main.aux:210: Text line contains an invalid character.
l.210 ...mp^^@^^@^^@^^@^^@^^@^^@^^@^^@^^@^^@^^@^^@
                                                  ^^@^^@^^@^^@^^@^^@^^@^^@^^...
A funny symbol that I can't read has just been input.
Continue, and I'll forget that it ever happened.

main.aux:210: Text line contains an invalid character.
l.210 ...^@^^@^^@^^@^^@^^@^^@^^@^^@^^@^^@^^@^^@^^@
                                                  ^^@^^@^^@^^@^^@^^@^^@^^@^^...
A funny symbol that I can't read has just been input.
Continue, and I'll forget that it ever happened.

main.aux:210: Text line contains an invalid character.
l.210 ...^@^^@^^@^^@^^@^^@^^@^^@^^@^^@^^@^^@^^@^^@
                                                  ^^@^^@^^@^^@^^@^^@^^@^^@^^...
A funny symbol that I can't read has just been input.
Continue, and I'll forget that it ever happened.

main.aux:210: Text line contains an invalid character.
l.210 ...^@^^@^^@^^@^^@^^@^^@^^@^^@^^@^^@^^@^^@^^@
                                                  ^^@^^@^^@^^@^^@^^@^^@^^@^^...
A funny symbol that I can't read has just been input.
Continue, and I'll forget that it ever happened.

main.aux:210: Text line contains an invalid character.
l.210 ...^@^^@^^@^^@^^@^^@^^@^^@^^@^^@^^@^^@^^@^^@
                                                  ^^@^^@^^@^^@^^@^^@^^@^^@^^...
A funny symbol that I can't read has just been input.
Continue, and I'll forget that it ever happened.

main.aux:210: Text line contains an invalid character.
l.210 ...^@^^@^^@^^@^^@^^@^^@^^@^^@^^@^^@^^@^^@^^@
                                                  ^^@^^@^^@^^@^^@^^@^^@^^@^^...
A funny symbol that I can't read has just been input.
Continue, and I'll forget that it ever happened.

main.aux:210: Text line contains an invalid character.
l.210 ...^@^^@^^@^^@^^@^^@^^@^^@^^@^^@^^@^^@^^@^^@
                                                  ^^@^^@^^@^^@^^@^^@^^@^^@^^...
A funny symbol that I can't read has just been input.
Continue, and I'll forget that it ever happened.

main.aux:210: Text line contains an invalid character.
l.210 ...^@^^@^^@^^@^^@^^@^^@^^@^^@^^@^^@^^@^^@^^@
                                                  ^^@^^@^^@^^@^^@^^@^^@^^@^^...
A funny symbol that I can't read has just been input.
Continue, and I'll forget that it ever happened.

main.aux:210: Text line contains an invalid character.
l.210 ...^@^^@^^@^^@^^@^^@^^@^^@^^@^^@^^@^^@^^@^^@
                                                  ^^@^^@^^@^^@^^@^^@^^@^^@^^...
A funny symbol that I can't read has just been input.
Continue, and I'll forget that it ever happened.

main.aux:210: Text line contains an invalid character.
l.210 ...^@^^@^^@^^@^^@^^@^^@^^@^^@^^@^^@^^@^^@^^@
                                                  ^^@^^@^^@^^@^^@^^@^^@^^@^^...
A funny symbol that I can't read has just been input.
Continue, and I'll forget that it ever happened.

main.aux:210: Text line contains an invalid character.
l.210 ...^@^^@^^@^^@^^@^^@^^@^^@^^@^^@^^@^^@^^@^^@
                                                  ^^@^^@^^@^^@^^@^^@^^@^^@^^...
A funny symbol that I can't read has just been input.
Continue, and I'll forget that it ever happened.

main.aux:210: Text line contains an invalid character.
l.210 ...^@^^@^^@^^@^^@^^@^^@^^@^^@^^@^^@^^@^^@^^@
                                                  ^^@^^@^^@^^@^^@^^@^^@^^@^^...
A funny symbol that I can't read has just been input.
Continue, and I'll forget that it ever happened.

main.aux:210: Text line contains an invalid character.
l.210 ...^@^^@^^@^^@^^@^^@^^@^^@^^@^^@^^@^^@^^@^^@
                                                  ^^@^^@^^@^^@^^@^^@^^@^^@^^...
A funny symbol that I can't read has just been input.
Continue, and I'll forget that it ever happened.

main.aux:210: Text line contains an invalid character.
l.210 ...^@^^@^^@^^@^^@^^@^^@^^@^^@^^@^^@^^@^^@^^@
                                                  ^^@^^@^^@^^@^^@^^@^^@^^@^^...
A funny symbol that I can't read has just been input.
Continue, and I'll forget that it ever happened.

main.aux:210es/Posibles img/Sigma vs alpha.png>]
<imagenes/Posibles img/Resultados sigmoid.png, id=993, 411.03563pt x 78.2925pt>

File: imagenes/Posibles img/Resultados sigmoid.png Graphic file (type png)
<use imagenes/Posibles img/Resultados sigmoid.png>
Package pdftex.def Info: imagenes/Posibles img/Resultados sigmoid.png  used on 
input line 440.
(pdftex.def)             Requested size: 236.01561pt x 44.9557pt.

[27 <./imagenes/Posibles img/Tanh Hard Sigmoid.png> <./imagenes/Posibles img/Re
sultados sigmoid.png>] [28] [29]
<imagenes/Posibles img/Time Series Split.png, id=1022, 569.12625pt x 231.86626p
t>
File: imagenes/Posibles img/Time Series Split.png Graphic file (type png)
<use imagenes/Posibles img/Time Series Split.png>
Package pdftex.def Info: imagenes/Posibles img/Time Series Split.png  used on i
nput line 518.
(pdftex.def)             Requested size: 236.01561pt x 96.15547pt.
 [30] [31 <./imagenes/Posibles img/Time Series Split.png>] [32] [33] [34] [35] 
[36] [37]) (3. Metodología.tex [38]
Cap\'{\i }tulo 3.

Overfull \hbox (3.612pt too wide) in paragraph at lines 7--8
\OT1/cmr/m/n/12 te-books de an^^Salisis-- est^^Sa dis-po-ni-ble p^^Subli-ca-men
-te en el re-po-si-to-rio de GitHub \OT1/cmtt/m/n/12 benjamitchell/
 []

[39

]
<imagenes/Posibles img/Serie Barras.png, id=1138, 1076.823pt x 1420.1055pt>
File: imagenes/Posibles img/Serie Barras.png Graphic file (type png)
<use imagenes/Posibles img/Serie Barras.png>
Package pdftex.def Info: imagenes/Posibles img/Serie Barras.png  used on input 
line 19.
(pdftex.def)             Requested size: 424.82523pt x 560.25296pt.
 [40] [41 <./imagenes/Posibles img/Serie Barras.png>] [42] [43] [44]
[45]
<imagenes/Posibles img/Componente Trend.png, id=1178, 1006.4802pt x 1137.5298pt
>
File: imagenes/Posibles img/Componente Trend.png Graphic file (type png)
<use imagenes/Posibles img/Componente Trend.png>
Package pdftex.def Info: imagenes/Posibles img/Componente Trend.png  used on in
put line 156.
(pdftex.def)             Requested size: 226.57297pt x 256.07202pt.
<imagenes/Posibles img/Componente Yearly.png, id=1179, 1006.4802pt x 1137.5298p
t>
File: imagenes/Posibles img/Componente Yearly.png Graphic file (type png)
<use imagenes/Posibles img/Componente Yearly.png>
Package pdftex.def Info: imagenes/Posibles img/Componente Yearly.png  used on i
nput line 162.
(pdftex.def)             Requested size: 226.57297pt x 256.07202pt.
<imagenes/Posibles img/Predicciones por Barra.png, id=1181, 1148.1294pt x 1420.
8282pt>
File: imagenes/Posibles img/Predicciones por Barra.png Graphic file (type png)
<use imagenes/Posibles img/Predicciones por Barra.png>
Package pdftex.def Info: imagenes/Posibles img/Predicciones por Barra.png  used
 on input line 177.
(pdftex.def)             Requested size: 448.42822pt x 554.92294pt.
 [46 <./imagenes/Posibles img/Componente Trend.png> <./imagenes/Posibles img/Co
mponente Yearly.png>] [47] [48 <./imagenes/Posibles img/Predicciones por Barra.
png>] [49] [50]
<imagenes/Posibles img/Curvas Aprendizaje LN.png, id=1219, 1084.05pt x 1445.4pt
>
File: imagenes/Posibles img/Curvas Aprendizaje LN.png Graphic file (type png)
<use imagenes/Posibles img/Curvas Aprendizaje LN.png>
Package pdftex.def Info: imagenes/Posibles img/Curvas Aprendizaje LN.png  used 
on input line 253.
(pdftex.def)             Requested size: 448.42822pt x 597.91104pt.
 [51] [52 <./imagenes/Posibles img/Curvas Aprendizaje LN.png>] [53]
<imagenes/Posibles img/Curvas Aprendizaje DyT.png, id=1243, 1084.05pt x 1445.4p
t>
File: imagenes/Posibles img/Curvas Aprendizaje DyT.png Graphic file (type png)
<use imagenes/Posibles img/Curvas Aprendizaje DyT.png>
Package pdftex.def Info: imagenes/Posibles img/Curvas Aprendizaje DyT.png  used
 on input line 293.
(pdftex.def)             Requested size: 448.42822pt x 597.91104pt.
 [54] [55 <./imagenes/Posibles img/Curvas Aprendizaje DyT.png>]
<imagenes/Posibles img/Alphas Aprendidos Precios.png, id=1255, 1003.5894pt x 99
3.4716pt>
File: imagenes/Posibles img/Alphas Aprendidos Precios.png Graphic file (type pn
g)
<use imagenes/Posibles img/Alphas Aprendidos Precios.png>
Package pdftex.def Info: imagenes/Posibles img/Alphas Aprendidos Precios.png  u
sed on input line 306.
(pdftex.def)             Requested size: 401.22942pt x 397.18452pt.
 [56 <./imagenes/Posibles img/Alphas Aprendidos Precios.png>]
<imagenes/Posibles img/Curvas Aprendizaje SC.png, id=1264, 1084.05pt x 1445.4pt
>
File: imagenes/Posibles img/Curvas Aprendizaje SC.png Graphic file (type png)
<use imagenes/Posibles img/Curvas Aprendizaje SC.png>
Package pdftex.def Info: imagenes/Posibles img/Curvas Aprendizaje SC.png  used 
on input line 319.
(pdftex.def)             Requested size: 448.42822pt x 597.91104pt.
 [57] [58 <./imagenes/Posibles img/Curvas Aprendizaje SC.png>] [59] [60] [61] [
62] [63] [64]

Package hyperref Warning: Token not allowed in a PDF string (Unicode):
(hyperref)                removing `math shift' on input line 448.


Package hyperref Warning: Token not allowed in a PDF string (Unicode):
(hyperref)                removing `math shift' on input line 448.

) (4. Resultados.tex [65]
Cap\'{\i }tulo 4.
[66

]
<imagenes/Posibles img/Comparativa Real vs Predicho.png, id=1351, 1151.0202pt x
 1420.8282pt>
File: imagenes/Posibles img/Comparativa Real vs Predicho.png Graphic file (type
 png)
<use imagenes/Posibles img/Comparativa Real vs Predicho.png>
Package pdftex.def Info: imagenes/Posibles img/Comparativa Real vs Predicho.png
  used on input line 42.
(pdftex.def)             Requested size: 448.42822pt x 553.53542pt.
 [67] [68 <./imagenes/Posibles img/Comparativa Real vs Predicho.png>]
[69] [70] [71] [72] [73] [74] [75] [76] [77] [78] [79]

Package hyperref Warning: Token not allowed in a PDF string (Unicode):
(hyperref)                removing `math shift' on input line 500.


Package hyperref Warning: Token not allowed in a PDF string (Unicode):
(hyperref)                removing `subscript' on input line 500.


Package hyperref Warning: Token not allowed in a PDF string (Unicode):
(hyperref)                removing `math shift' on input line 500.

[80]

Package hyperref Warning: Token not allowed in a PDF string (Unicode):
(hyperref)                removing `math shift' on input line 534.


Package hyperref Warning: Token not allowed in a PDF string (Unicode):
(hyperref)                removing `subscript' on input line 534.


Package hyperref Warning: Token not allowed in a PDF string (Unicode):
(hyperref)                removing `math shift' on input line 534.


Package hyperref Warning: Token not allowed in a PDF string (Unicode):
(hyperref)                removing `math shift' on input line 534.


Package hyperref Warning: Token not allowed in a PDF string (Unicode):
(hyperref)                removing `subscript' on input line 534.


Package hyperref Warning: Token not allowed in a PDF string (Unicode):
(hyperref)                removing `math shift' on input line 534.

[81] [82] [83] [84] [85] [86]
Overfull \hbox (31.1304pt too wide) in paragraph at lines 739--740
\OT1/cmr/m/n/12 Rid-ge au-xi-liar (pre-dic-ci^^Son de S+C-LN m^^Sas las va-ria-
bles so-la-res \OT1/cmtt/m/n/12 elevacion[]solar \OT1/cmr/m/n/12 y \OT1/cmtt/m/
n/12 cos[]elevacion\OT1/cmr/m/n/12 )
 []

[87] [88] [89]
Overfull \hbox (27.68823pt too wide) in paragraph at lines 829--839
 [][] 
 []

[90] [91] [92]
<imagenes/fig_error_dist_atacama.pdf, id=1585, 650.43pt x 361.35pt>
File: imagenes/fig_error_dist_atacama.pdf Graphic file (type pdf)
<use imagenes/fig_error_dist_atacama.pdf>
Package pdftex.def Info: imagenes/fig_error_dist_atacama.pdf  used on input lin
e 876.
(pdftex.def)             Requested size: 448.42822pt x 249.13327pt.
 [93 <./imagenes/fig_error_dist_atacama.pdf>]
<imagenes/fig_phase_shift_panel_2x2.pdf, id=1678, 1003.83896pt x 660.93886pt>
File: imagenes/fig_phase_shift_panel_2x2.pdf Graphic file (type pdf)
<use imagenes/fig_phase_shift_panel_2x2.pdf>
Package pdftex.def Info: imagenes/fig_phase_shift_panel_2x2.pdf  used on input 
line 917.
(pdftex.def)             Requested size: 472.03123pt x 310.79257pt.
 [94] [95 <./imagenes/fig_phase_shift_panel_2x2.pdf>] [96]
Overfull \hbox (5.47888pt too wide) in paragraph at lines 980--995
 [][] 
 []


Overfull \hbox (9.12578pt too wide) in paragraph at lines 999--1000
[]\OT1/cmr/m/n/12 El re-sul-ta-do cen-tral es que la po-si-ci^^Son so-lar s^^S^
^P do-mi-na el de-co-der: su-man-do \OT1/cmtt/m/n/12 elevacion[]solar
 []

[97] [98] [99] [100] [101] [102] [103] [104] [105] [106] [107]

Package hyperref Warning: Token not allowed in a PDF string (Unicode):
(hyperref)                removing `math shift' on input line 1381.


Package hyperref Warning: Token not allowed in a PDF string (Unicode):
(hyperref)                removing `math shift' on input line 1381.

[108] [109] [110]) (conclu.tex [111]
Cap\'{\i }tulo 5.
[112

] [113] [114] [115] [116] [117] [118]) (main.bbl [119] [120

]) (Anexo.tex
[121]
Ap\'{e}ndice A.
<imagenes/fig_phase_shift_panel_cardones.pdf, id=1983, 1003.81342pt x 660.93886
pt>
File: imagenes/fig_phase_shift_panel_cardones.pdf Graphic file (type pdf)
<use imagenes/fig_phase_shift_panel_cardones.pdf>
Package pdftex.def Info: imagenes/fig_phase_shift_panel_cardones.pdf  used on i
nput line 46.
(pdftex.def)             Requested size: 472.03123pt x 310.80266pt.
[122

] [123 <./imagenes/fig_phase_shift_panel_cardones.pdf>]
<imagenes/fig_phase_shift_panel_charrua.pdf, id=2081, 1003.10838pt x 660.861pt>

File: imagenes/fig_phase_shift_panel_charrua.pdf Graphic file (type pdf)
<use imagenes/fig_phase_shift_panel_charrua.pdf>
Package pdftex.def Info: imagenes/fig_phase_shift_panel_charrua.pdf  used on in
put line 90.
(pdftex.def)             Requested size: 472.03123pt x 310.97781pt.
 [124

] [125 <./imagenes/fig_phase_shift_panel_charrua.pdf>]
<imagenes/fig_phase_shift_panel_crucero.pdf, id=2179, 1003.81342pt x 660.93886p
t>
File: imagenes/fig_phase_shift_panel_crucero.pdf Graphic file (type pdf)
<use imagenes/fig_phase_shift_panel_crucero.pdf>
Package pdftex.def Info: imagenes/fig_phase_shift_panel_crucero.pdf  used on in
put line 134.
(pdftex.def)             Requested size: 472.03123pt x 310.80266pt.
 [126

] [127 <./imagenes/fig_phase_shift_panel_crucero.pdf>]
<imagenes/fig_phase_shift_panel_pazucar.pdf, id=2277, 1003.82658pt x 660.93886p
t>
File: imagenes/fig_phase_shift_panel_pazucar.pdf Graphic file (type pdf)
<use imagenes/fig_phase_shift_panel_pazucar.pdf>
Package pdftex.def Info: imagenes/fig_phase_shift_panel_pazucar.pdf  used on in
put line 178.
(pdftex.def)             Requested size: 472.03123pt x 310.79257pt.
 [128

] [129 <./imagenes/fig_phase_shift_panel_pazucar.pdf>]
<imagenes/fig_phase_shift_panel_pmontt.pdf, id=2379, 1003.07886pt x 661.05135pt
>
File: imagenes/fig_phase_shift_panel_pmontt.pdf Graphic file (type pdf)
<use imagenes/fig_phase_shift_panel_pmontt.pdf>
Package pdftex.def Info: imagenes/fig_phase_shift_panel_pmontt.pdf  used on inp
ut line 222.
(pdftex.def)             Requested size: 472.03123pt x 311.07747pt.

[130

] [131 <./imagenes/fig_phase_shift_panel_pmontt.pdf>]
<imagenes/fig_phase_shift_panel_quillota.pdf, id=2474, 1003.8498pt x 660.93886p
t>
File: imagenes/fig_phase_shift_panel_quillota.pdf Graphic file (type pdf)
<use imagenes/fig_phase_shift_panel_quillota.pdf>
Package pdftex.def Info: imagenes/fig_phase_shift_panel_quillota.pdf  used on i
nput line 266.
(pdftex.def)             Requested size: 472.03123pt x 310.7825pt.
 [132

] [133 <./imagenes/fig_phase_shift_panel_quillota.pdf>]
<imagenes/fig_phase_shift_panel_tarapaca.pdf, id=2572, 1003.83896pt x 660.93886
pt>
File: imagenes/fig_phase_shift_panel_tarapaca.pdf Graphic file (type pdf)
<use imagenes/fig_phase_shift_panel_tarapaca.pdf>
Package pdftex.def Info: imagenes/fig_phase_shift_panel_tarapaca.pdf  used on i
nput line 310.
(pdftex.def)             Requested size: 472.03123pt x 310.79257pt.
) [134

] [135 <./imagenes/fig_phase_shift_panel_tarapaca.pdf>] (main.aux
LaTeX Info: Redefining \. on input line 11.
LaTeX Info: Redefining \% on input line 11.
)
 ***********
LaTeX2e <2025-11-01>
L3 programming layer <2025-12-24>
 ***********
Package rerunfilecheck Info: File `main.out' has not changed.
(rerunfilecheck)             Checksum: 1BD98D032DCDA457ADED6B1671763267;28330.
 ) 
Here is how much of TeX's memory you used:
 21680 strings out of 467871
 380113 string characters out of 5418377
 878227 words of memory out of 5000000
 49763 multiletter control sequences out of 15000+600000
 645275 words of font info for 105 fonts, out of 8000000 for 9000
 1141 hyphenation exceptions out of 8191
 90i,12n,93p,2596b,798s stack positions out of 10000i,1000n,20000p,200000b,200000s
 <C:\Users\56977\AppData\Local\MiKTeX\fonts/pk/ljfour/jknappen/ec/dpi600\tcrm
1095.pk> <C:\Users\56977\AppData\Local\MiKTeX\fonts/pk/ljfour/jknappen/ec/dpi60
0\tcrm1200.pk><C:/Users/56977/AppData/Local/Programs/MiKTeX/fonts/type1/public/
amsfonts/cm/cmbx10.pfb><C:/Users/56977/AppData/Local/Programs/MiKTeX/fonts/type
1/public/amsfonts/cm/cmbx12.pfb><C:/Users/56977/AppData/Local/Programs/MiKTeX/f
onts/type1/public/amsfonts/cm/cmbx8.pfb><C:/Users/56977/AppData/Local/Programs/
MiKTeX/fonts/type1/public/amsfonts/cm/cmbxti10.pfb><C:/Users/56977/AppData/Loca
l/Programs/MiKTeX/fonts/type1/public/amsfonts/cm/cmex10.pfb><C:/Users/56977/App
Data/Local/Programs/MiKTeX/fonts/type1/public/amsfonts/cm/cmmi10.pfb><C:/Users/
56977/AppData/Local/Programs/MiKTeX/fonts/type1/public/amsfonts/cm/cmmi12.pfb><
C:/Users/56977/AppData/Local/Programs/MiKTeX/fonts/type1/public/amsfonts/cm/cmm
i6.pfb><C:/Users/56977/AppData/Local/Programs/MiKTeX/fonts/type1/public/amsfont
s/cm/cmmi8.pfb><C:/Users/56977/AppData/Local/Programs/MiKTeX/fonts/type1/public
/amsfonts/cm/cmmib10.pfb><C:/Users/56977/AppData/Local/Programs/MiKTeX/fonts/ty
pe1/public/amsfonts/cmextra/cmmib8.pfb><C:/Users/56977/AppData/Local/Programs/M
iKTeX/fonts/type1/public/amsfonts/cm/cmr10.pfb><C:/Users/56977/AppData/Local/Pr
ograms/MiKTeX/fonts/type1/public/amsfonts/cm/cmr12.pfb><C:/Users/56977/AppData/
Local/Programs/MiKTeX/fonts/type1/public/amsfonts/cm/cmr6.pfb><C:/Users/56977/A
ppData/Local/Programs/MiKTeX/fonts/type1/public/amsfonts/cm/cmr7.pfb><C:/Users/
56977/AppData/Local/Programs/MiKTeX/fonts/type1/public/amsfonts/cm/cmr8.pfb><C:
/Users/56977/AppData/Local/Programs/MiKTeX/fonts/type1/public/amsfonts/cm/cmsy1
0.pfb><C:/Users/56977/AppData/Local/Programs/MiKTeX/fonts/type1/public/amsfonts
/cm/cmsy8.pfb><C:/Users/56977/AppData/Local/Programs/MiKTeX/fonts/type1/public/
amsfonts/cm/cmti10.pfb><C:/Users/56977/AppData/Local/Programs/MiKTeX/fonts/type
1/public/amsfonts/cm/cmti12.pfb><C:/Users/56977/AppData/Local/Programs/MiKTeX/f
onts/type1/public/amsfonts/cm/cmtt10.pfb><C:/Users/56977/AppData/Local/Programs
/MiKTeX/fonts/type1/public/amsfonts/cm/cmtt12.pfb><C:/Users/56977/AppData/Local
/Programs/MiKTeX/fonts/type1/public/amsfonts/symbols/msbm10.pfb>
Output written on main.pdf (146 pages, 6037913 bytes).
PDF statistics:
 2885 PDF objects out of 2984 (max. 8388607)
 485 named destinations out of 1000 (max. 500000)
 1226 words of extra memory for PDF output out of 10000 (max. 10000000)

@^^@^^@^^@^^@^^@^^@^^@^^@^^@^^@^^@^^@^^@
                                                  ^^@^^@^^@^^@^^@^^@^^@^^@^^...
A funny symbol that I can't read has just been input.
Continue, and I'll forget that it ever happened.

main.aux:210: Text line contains an invalid character.
l.210 ...^@^^@^^@^^@^^@^^@^^@^^@^^@^^@^^@^^@^^@^^@
                                                  ^^@^^@^^@^^@^^@^^@^^@^^@^^...
A funny symbol that I can't read has just been input.
Continue, and I'll forget that it ever happened.

main.aux:210: Text line contains an invalid character.
l.210 ...^@^^@^^@^^@^^@^^@^^@^^@^^@^^@^^@^^@^^@^^@
                                                  ^^@^^@^^@^^@^^@^^@^^@^^@^^...
A funny symbol that I can't read has just been input.
Continue, and I'll forget that it ever happened.

main.aux:210: Text line contains an invalid character.
l.210 ...^@^^@^^@^^@^^@^^@^^@^^@^^@^^@^^@^^@^^@^^@
                                                  ^^@^^@^^@^^@^^@^^@^^@^^@^^...
A funny symbol that I can't read has just been input.
Continue, and I'll forget that it ever happened.

main.aux:210: Text line contains an invalid character.
l.210 ...^@^^@^^@^^@^^@^^@^^@^^@^^@^^@^^@^^@^^@^^@
                                                  ^^@^^@^^@^^@^^@^^@^^@^^@^^...
A funny symbol that I can't read has just been input.
Continue, and I'll forget that it ever happened.

main.aux:210: Text line contains an invalid character.
l.210 ...^@^^@^^@^^@^^@^^@^^@^^@^^@^^@^^@^^@^^@^^@
                                                  ^^@^^@^^@^^@^^@^^@^^@^^@^^...
A funny symbol that I can't read has just been input.
Continue, and I'll forget that it ever happened.

main.aux:210: Text line contains an invalid character.
l.210 ...^@^^@^^@^^@^^@^^@^^@^^@^^@^^@^^@^^@^^@^^@
                                                  ^^@^^@^^@^^@^^@^^@^^@^^@^^...
A funny symbol that I can't read has just been input.
Continue, and I'll forget that it ever happened.

main.aux:210: Text line contains an invalid character.
l.210 ...^@^^@^^@^^@^^@^^@^^@^^@^^@^^@^^@^^@^^@^^@
                                                  ^^@^^@^^@^^@^^@^^@^^@^^@^^...
A funny symbol that I can't read has just been input.
Continue, and I'll forget that it ever happened.

main.aux:210: Text line contains an invalid character.
l.210 ...^@^^@^^@^^@^^@^^@^^@^^@^^@^^@^^@^^@^^@^^@
                                                  ^^@^^@^^@^^@^^@^^@^^@^^@^^...
A funny symbol that I can't read has just been input.
Continue, and I'll forget that it ever happened.

main.aux:210: Text line contains an invalid character.
l.210 ...^@^^@^^@^^@^^@^^@^^@^^@^^@^^@^^@^^@^^@^^@
                                                  ^^@^^@^^@^^@^^@^^@^^@^^@^^...
A funny symbol that I can't read has just been input.
Continue, and I'll forget that it ever happened.

main.aux:210: Text line contains an invalid character.
l.210 ...^@^^@^^@^^@^^@^^@^^@^^@^^@^^@^^@^^@^^@^^@
                                                  ^^@^^@^^@^^@^^@^^@^^@^^@^^...
A funny symbol that I can't read has just been input.
Continue, and I'll forget that it ever happened.

main.aux:210: Text line contains an invalid character.
l.210 ...^@^^@^^@^^@^^@^^@^^@^^@^^@^^@^^@^^@^^@^^@
                                                  ^^@^^@^^@^^@^^@^^@^^@^^@^^...
A funny symbol that I can't read has just been input.
Continue, and I'll forget that it ever happened.

main.aux:210: Text line contains an invalid character.
l.210 ...^@^^@^^@^^@^^@^^@^^@^^@^^@^^@^^@^^@^^@^^@
                                                  ^^@^^@^^@^^@^^@^^@^^@^^@^^...
A funny symbol that I can't read has just been input.
Continue, and I'll forget that it ever happened.

main.aux:210: Text line contains an invalid character.
l.210 ...^@^^@^^@^^@^^@^^@^^@^^@^^@^^@^^@^^@^^@^^@
                                                  ^^@^^@^^@^^@^^@^^@^^@^^@^^...
A funny symbol that I can't read has just been input.
Continue, and I'll forget that it ever happened.

main.aux:210: Text line contains an invalid character.
l.210 ...^@^^@^^@^^@^^@^^@^^@^^@^^@^^@^^@^^@^^@^^@
                                                  ^^@^^@^^@^^@^^@^^@^^@^^@^^...
A funny symbol that I can't read has just been input.
Continue, and I'll forget that it ever happened.

main.aux:210: Text line contains an invalid character.
l.210 ...^@^^@^^@^^@^^@^^@^^@^^@^^@^^@^^@^^@^^@^^@
                                                  ^^@^^@^^@^^@^^@^^@^^@^^@^^...
A funny symbol that I can't read has just been input.
Continue, and I'll forget that it ever happened.

main.aux:210: Text line contains an invalid character.
l.210 ...^@^^@^^@^^@^^@^^@^^@^^@^^@^^@^^@^^@^^@^^@
                                                  ^^@^^@^^@^^@^^@^^@^^@^^@^^...
A funny symbol that I can't read has just been input.
Continue, and I'll forget that it ever happened.

main.aux:210: Text line contains an invalid character.
l.210 ...^@^^@^^@^^@^^@^^@^^@^^@^^@^^@^^@^^@^^@^^@
                                                  ^^@^^@^^@^^@^^@^^@^^@^^@^^...
A funny symbol that I can't read has just been input.
Continue, and I'll forget that it ever happened.

main.aux:210: Text line contains an invalid character.
l.210 ...^@^^@^^@^^@^^@^^@^^@^^@^^@^^@^^@^^@^^@^^@
                                                  ^^@^^@^^@^^@^^@^^@^^@^^@^^...
A funny symbol that I can't read has just been input.
Continue, and I'll forget that it ever happened.

main.aux:210: Text line contains an invalid character.
l.210 ...^@^^@^^@^^@^^@^^@^^@^^@^^@^^@^^@^^@^^@^^@
                                                  ^^@^^@^^@^^@^^@^^@^^@^^@^^...
A funny symbol that I can't read has just been input.
Continue, and I'll forget that it ever happened.

main.aux:210: Text line contains an invalid character.
l.210 ...^@^^@^^@^^@^^@^^@^^@^^@^^@^^@^^@^^@^^@^^@
                                                  ^^@^^@^^@^^@^^@^^@^^@^^@^^...
A funny symbol that I can't read has just been input.
Continue, and I'll forget that it ever happened.

main.aux:210: Text line contains an invalid character.
l.210 ...^@^^@^^@^^@^^@^^@^^@^^@^^@^^@^^@^^@^^@^^@
                                                  ^^@^^@^^@^^@^^@^^@^^@^^@^^...
(That makes 100 errors; please try again.) 
Here is how much of TeX's memory you used:
 19749 strings out of 467871
 343775 string characters out of 5418377
 818393 words of memory out of 5000000
 48411 multiletter control sequences out of 15000+600000
 628019 words of font info for 41 fonts, out of 8000000 for 9000
 1141 hyphenation exceptions out of 8191
 90i,0n,93p,20721b,365s stack positions out of 10000i,1000n,20000p,200000b,200000s

main.aux:210:  ==> Fatal error occurred, no output PDF file produced!
